Archive member included because of file (symbol)

/opt/summon-arm/lib/gcc/arm-none-eabi/4.6.2/../../../../arm-none-eabi/lib/thumb/cortex-m4/libc.a(lib_a-malloc.o)
                              ./src/util/linked_list.o (malloc)
/opt/summon-arm/lib/gcc/arm-none-eabi/4.6.2/../../../../arm-none-eabi/lib/thumb/cortex-m4/libc.a(lib_a-mallocr.o)
                              /opt/summon-arm/lib/gcc/arm-none-eabi/4.6.2/../../../../arm-none-eabi/lib/thumb/cortex-m4/libc.a(lib_a-malloc.o) (_malloc_r)
/opt/summon-arm/lib/gcc/arm-none-eabi/4.6.2/../../../../arm-none-eabi/lib/thumb/cortex-m4/libc.a(lib_a-memcpy.o)
                              ./src/util/uart.o (memcpy)
/opt/summon-arm/lib/gcc/arm-none-eabi/4.6.2/../../../../arm-none-eabi/lib/thumb/cortex-m4/libc.a(lib_a-sbrkr.o)
                              /opt/summon-arm/lib/gcc/arm-none-eabi/4.6.2/../../../../arm-none-eabi/lib/thumb/cortex-m4/libc.a(lib_a-mallocr.o) (_sbrk_r)
/opt/summon-arm/lib/gcc/arm-none-eabi/4.6.2/../../../../arm-none-eabi/lib/thumb/cortex-m4/libc.a(lib_a-strlen.o)
                              ./src/util/uart.o (strlen)
/opt/summon-arm/lib/gcc/arm-none-eabi/4.6.2/../../../../arm-none-eabi/lib/thumb/cortex-m4/libc.a(lib_a-freer.o)
                              /opt/summon-arm/lib/gcc/arm-none-eabi/4.6.2/../../../../arm-none-eabi/lib/thumb/cortex-m4/libc.a(lib_a-malloc.o) (_free_r)
/opt/summon-arm/lib/gcc/arm-none-eabi/4.6.2/../../../../arm-none-eabi/lib/thumb/cortex-m4/libc.a(lib_a-impure.o)
                              /opt/summon-arm/lib/gcc/arm-none-eabi/4.6.2/../../../../arm-none-eabi/lib/thumb/cortex-m4/libc.a(lib_a-malloc.o) (_impure_ptr)
/opt/summon-arm/lib/gcc/arm-none-eabi/4.6.2/../../../../arm-none-eabi/lib/thumb/cortex-m4/libc.a(lib_a-reent.o)
                              /opt/summon-arm/lib/gcc/arm-none-eabi/4.6.2/../../../../arm-none-eabi/lib/thumb/cortex-m4/libc.a(lib_a-sbrkr.o) (errno)

Allocating common symbols
Common symbol       size              file

errno               0x4               /opt/summon-arm/lib/gcc/arm-none-eabi/4.6.2/../../../../arm-none-eabi/lib/thumb/cortex-m4/libc.a(lib_a-reent.o)
lst                 0x4               ./src/util/uart.o
report              0x60              ./src/master/master_report.o
USART2_DMA_InitStruct
                    0x3c              ./src/util/uart.o
NVIC_InitStructure  0x4               ./src/util/stm32f4_discovery.o
RxMessage           0x14              ./src/stm32f4xx_it.o
TIM_TimeBaseInitStruct
                    0xc               ./src/common/timer.o

Memory Configuration

Name             Origin             Length             Attributes
FLASH            0x0000000008000000 0x0000000000100000 xr
RAM              0x0000000020000000 0x0000000000020000 xrw
MEMORY_B1        0x0000000060000000 0x0000000000000000 xr
CCMRAM           0x0000000010000000 0x0000000000010000 rw
*default*        0x0000000000000000 0xffffffffffffffff

Linker script and memory map

LOAD ./src/util/linked_list.o
LOAD ./src/util/stm32f4_discovery.o
LOAD ./src/util/uart.o
LOAD ./src/master/master_io.o
LOAD ./src/master/master_main.o
LOAD ./src/master/master_report.o
LOAD ./src/common/can_helper.o
LOAD ./src/common/timer.o
LOAD ./src/main.o
LOAD ./src/startup_stm32f4xx.o
LOAD ./src/stm32f4xx_it.o
LOAD ./src/syscalls.o
LOAD ./src/system_stm32f4xx.o
LOAD ./STMPeriLib/misc.o
LOAD ./STMPeriLib/stm32f4xx_adc.o
LOAD ./STMPeriLib/stm32f4xx_can.o
LOAD ./STMPeriLib/stm32f4xx_crc.o
LOAD ./STMPeriLib/stm32f4xx_cryp.o
LOAD ./STMPeriLib/stm32f4xx_cryp_aes.o
LOAD ./STMPeriLib/stm32f4xx_cryp_des.o
LOAD ./STMPeriLib/stm32f4xx_cryp_tdes.o
LOAD ./STMPeriLib/stm32f4xx_dac.o
LOAD ./STMPeriLib/stm32f4xx_dbgmcu.o
LOAD ./STMPeriLib/stm32f4xx_dcmi.o
LOAD ./STMPeriLib/stm32f4xx_dma.o
LOAD ./STMPeriLib/stm32f4xx_exti.o
LOAD ./STMPeriLib/stm32f4xx_flash.o
LOAD ./STMPeriLib/stm32f4xx_fsmc.o
LOAD ./STMPeriLib/stm32f4xx_gpio.o
LOAD ./STMPeriLib/stm32f4xx_hash.o
LOAD ./STMPeriLib/stm32f4xx_hash_md5.o
LOAD ./STMPeriLib/stm32f4xx_hash_sha1.o
LOAD ./STMPeriLib/stm32f4xx_i2c.o
LOAD ./STMPeriLib/stm32f4xx_iwdg.o
LOAD ./STMPeriLib/stm32f4xx_pwr.o
LOAD ./STMPeriLib/stm32f4xx_rcc.o
LOAD ./STMPeriLib/stm32f4xx_rng.o
LOAD ./STMPeriLib/stm32f4xx_rtc.o
LOAD ./STMPeriLib/stm32f4xx_sdio.o
LOAD ./STMPeriLib/stm32f4xx_spi.o
LOAD ./STMPeriLib/stm32f4xx_syscfg.o
LOAD ./STMPeriLib/stm32f4xx_tim.o
LOAD ./STMPeriLib/stm32f4xx_usart.o
LOAD ./STMPeriLib/stm32f4xx_wwdg.o
START GROUP
LOAD /opt/summon-arm/lib/gcc/arm-none-eabi/4.6.2/thumb/cortex-m4/libgcc.a
LOAD /opt/summon-arm/lib/gcc/arm-none-eabi/4.6.2/../../../../arm-none-eabi/lib/thumb/cortex-m4/libc.a
END GROUP
                0x0000000020020000                _estack = 0x20020000
                0x0000000000000000                _Min_Heap_Size = 0x0
                0x0000000000000400                _Min_Stack_Size = 0x400

.isr_vector     0x0000000008000000      0x188
                0x0000000008000000                . = ALIGN (0x4)
 *(.isr_vector)
 .isr_vector    0x0000000008000000      0x188 ./src/startup_stm32f4xx.o
                0x0000000008000000                g_pfnVectors
                0x0000000008000188                . = ALIGN (0x4)

.text           0x0000000008000188     0x82c0
                0x0000000008000188                . = ALIGN (0x4)
 *(.text)
 .text          0x0000000008000188       0x58 ./src/util/linked_list.o
                0x0000000008000188                list_create
                0x000000000800019c                list_append
                0x00000000080001c8                list_countElements
 .text          0x00000000080001e0      0x148 ./src/util/stm32f4_discovery.o
                0x00000000080001e0                STM_EVAL_LEDInit
                0x000000000800022c                STM_EVAL_LEDOn
                0x000000000800024c                STM_EVAL_LEDOff
                0x000000000800026c                STM_EVAL_LEDToggle
                0x0000000008000290                STM_EVAL_PBInit
                0x0000000008000310                STM_EVAL_PBGetState
 .text          0x0000000008000328      0x37c ./src/util/uart.o
                0x0000000008000328                Q_UART_configDMA
                0x0000000008000394                Q_UART_init
                0x0000000008000470                Q_UART_sendZTString
                0x00000000080004c8                Q_UART_DMAsendZTString
                0x0000000008000584                Q_UART_DMA_TXComplete
 .text          0x00000000080006a4       0x68 ./src/master/master_io.o
                0x00000000080006a4                GPIO_Master_init
                0x00000000080006dc                GPIO_Master_SignalizeStart
                0x00000000080006f4                GPIO_Master_SignalizeReset
 .text          0x000000000800070c      0x370 ./src/master/master_main.o
                0x0000000008000808                itoa
                0x0000000008000824                get_char
                0x0000000008000850                rev
                0x0000000008000874                toHex
                0x0000000008000884                Delay2
                0x0000000008000888                printReport
                0x00000000080009d8                master_main
 .text          0x0000000008000a7c        0x0 ./src/master/master_report.o
 .text          0x0000000008000a7c       0x30 ./src/common/can_helper.o
                0x0000000008000a7c                Init_RxMes
                0x0000000008000a94                Init_TxMes
 .text          0x0000000008000aac       0xa8 ./src/common/timer.o
                0x0000000008000aac                Timer_init
                0x0000000008000b28                Timer_startTimer
                0x0000000008000b34                Timer_stopTimer
 .text          0x0000000008000b54      0x14c ./src/main.o
                0x0000000008000b54                CAN_Config
                0x0000000008000c1c                NVIC_Config
                0x0000000008000c40                LED_Display
                0x0000000008000c94                Delay
                0x0000000008000c98                EVAL_AUDIO_TransferComplete_CallBack
                0x0000000008000c9c                EVAL_AUDIO_GetSampleCallBack
 .text          0x0000000008000ca0       0x14 ./src/startup_stm32f4xx.o
 .text          0x0000000008000cb4      0x118 ./src/stm32f4xx_it.o
                0x0000000008000cb4                NMI_Handler
                0x0000000008000cb8                HardFault_Handler
                0x0000000008000cbc                MemManage_Handler
                0x0000000008000cc0                BusFault_Handler
                0x0000000008000cc4                UsageFault_Handler
                0x0000000008000cc8                SVC_Handler
                0x0000000008000ccc                DebugMon_Handler
                0x0000000008000cd0                PendSV_Handler
                0x0000000008000cd4                SysTick_Handler
                0x0000000008000cd8                CAN1_RX0_IRQHandler
                0x0000000008000da0                EXTI15_10_IRQHandler
                0x0000000008000da8                TIM2_IRQHandler
 .text          0x0000000008000dcc       0x50 ./src/syscalls.o
                0x0000000008000dcc                _sbrk
                0x0000000008000df4                __malloc_lock
                0x0000000008000e08                __malloc_unlock
 .text          0x0000000008000e1c      0x1a0 ./src/system_stm32f4xx.o
                0x0000000008000e1c                SystemInit
                0x0000000008000f30                SystemCoreClockUpdate
 .text          0x0000000008000fbc       0xe4 ./STMPeriLib/misc.o
                0x0000000008000fbc                NVIC_PriorityGroupConfig
                0x0000000008000fd0                NVIC_Init
                0x0000000008001050                NVIC_SetVectorTable
                0x0000000008001068                NVIC_SystemLPConfig
                0x0000000008001084                SysTick_CLKSourceConfig
 .text          0x00000000080010a0      0x3bc ./STMPeriLib/stm32f4xx_adc.o
                0x00000000080010a0                ADC_DeInit
                0x00000000080010bc                ADC_Init
                0x0000000008001110                ADC_StructInit
                0x0000000008001124                ADC_CommonInit
                0x0000000008001150                ADC_CommonStructInit
                0x000000000800115c                ADC_Cmd
                0x0000000008001170                ADC_AnalogWatchdogCmd
                0x0000000008001180                ADC_AnalogWatchdogThresholdsConfig
                0x0000000008001188                ADC_AnalogWatchdogSingleChannelConfig
                0x0000000008001194                ADC_TempSensorVrefintCmd
                0x00000000080011b0                ADC_VBATCmd
                0x00000000080011cc                ADC_RegularChannelConfig
                0x000000000800125c                ADC_SoftwareStartConv
                0x0000000008001268                ADC_GetSoftwareStartConvStatus
                0x0000000008001270                ADC_EOCOnEachRegularChannelCmd
                0x0000000008001284                ADC_ContinuousModeCmd
                0x0000000008001298                ADC_DiscModeChannelCountConfig
                0x00000000080012a8                ADC_DiscModeCmd
                0x00000000080012bc                ADC_GetConversionValue
                0x00000000080012c4                ADC_GetMultiModeConversionValue
                0x00000000080012d0                ADC_DMACmd
                0x00000000080012e4                ADC_DMARequestAfterLastTransferCmd
                0x00000000080012f8                ADC_MultiModeDMARequestAfterLastTransferCmd
                0x0000000008001314                ADC_InjectedChannelConfig
                0x0000000008001370                ADC_InjectedSequencerLengthConfig
                0x0000000008001380                ADC_SetInjectedOffset
                0x0000000008001398                ADC_ExternalTrigInjectedConvConfig
                0x00000000080013a4                ADC_ExternalTrigInjectedConvEdgeConfig
                0x00000000080013b0                ADC_SoftwareStartInjectedConv
                0x00000000080013bc                ADC_GetSoftwareStartInjectedConvCmdStatus
                0x00000000080013c4                ADC_AutoInjectedConvCmd
                0x00000000080013d8                ADC_InjectedDiscModeCmd
                0x00000000080013ec                ADC_GetInjectedConversionValue
                0x0000000008001408                ADC_ITConfig
                0x0000000008001424                ADC_GetFlagStatus
                0x0000000008001430                ADC_ClearFlag
                0x0000000008001438                ADC_GetITStatus
                0x0000000008001454                ADC_ClearITPendingBit
 .text          0x000000000800145c      0x8a0 ./STMPeriLib/stm32f4xx_can.o
                0x000000000800145c                CAN_DeInit
                0x000000000800149c                CAN_Init
                0x0000000008001588                CAN_FilterInit
                0x00000000080016c0                CAN_StructInit
                0x00000000080016e0                CAN_SlaveStartBank
                0x0000000008001720                CAN_DBGFreeze
                0x0000000008001734                CAN_TTComModeCmd
                0x0000000008001790                CAN_Transmit
                0x000000000800185c                CAN_TransmitStatus
                0x00000000080018c4                CAN_CancelTransmit
                0x00000000080018ec                CAN_Receive
                0x0000000008001984                CAN_FIFORelease
                0x000000000800199c                CAN_MessagePending
                0x00000000080019b4                CAN_OperatingModeRequest
                0x0000000008001a68                CAN_Sleep
                0x0000000008001a88                CAN_WakeUp
                0x0000000008001ab4                CAN_GetLastErrorCode
                0x0000000008001abc                CAN_GetReceiveErrorCounter
                0x0000000008001ac4                CAN_GetLSBTransmitErrorCounter
                0x0000000008001acc                CAN_ITConfig
                0x0000000008001ae0                CAN_GetFlagStatus
                0x0000000008001b58                CAN_ClearFlag
                0x0000000008001b8c                CAN_GetITStatus
                0x0000000008001c70                CAN_ClearITPendingBit
 .text          0x0000000008001cfc       0x70 ./STMPeriLib/stm32f4xx_crc.o
                0x0000000008001cfc                CRC_ResetDR
                0x0000000008001d0c                CRC_CalcCRC
                0x0000000008001d1c                CRC_CalcBlockCRC
                0x0000000008001d48                CRC_GetCRC
                0x0000000008001d54                CRC_SetIDRegister
                0x0000000008001d60                CRC_GetIDRegister
 .text          0x0000000008001d6c      0x29c ./STMPeriLib/stm32f4xx_cryp.o
                0x0000000008001d6c                CRYP_DeInit
                0x0000000008001d84                CRYP_Init
                0x0000000008001df0                CRYP_StructInit
                0x0000000008001dfc                CRYP_KeyInit
                0x0000000008001e24                CRYP_KeyStructInit
                0x0000000008001e38                CRYP_IVInit
                0x0000000008001e50                CRYP_IVStructInit
                0x0000000008001e5c                CRYP_FIFOFlush
                0x0000000008001e6c                CRYP_Cmd
                0x0000000008001e88                CRYP_DataIn
                0x0000000008001e94                CRYP_DataOut
                0x0000000008001ea0                CRYP_SaveContext
                0x0000000008001f60                CRYP_RestoreContext
                0x0000000008001fa4                CRYP_DMACmd
                0x0000000008001fc0                CRYP_ITConfig
                0x0000000008001fdc                CRYP_GetITStatus
                0x0000000008001ff0                CRYP_GetFlagStatus
 .text          0x0000000008002008      0x5c4 ./STMPeriLib/stm32f4xx_cryp_aes.o
                0x0000000008002008                CRYP_AES_ECB
                0x00000000080021e8                CRYP_AES_CBC
                0x0000000008002418                CRYP_AES_CTR
 .text          0x00000000080025cc      0x190 ./STMPeriLib/stm32f4xx_cryp_des.o
                0x00000000080025cc                CRYP_DES_ECB
                0x0000000008002688                CRYP_DES_CBC
 .text          0x000000000800275c      0x1bc ./STMPeriLib/stm32f4xx_cryp_tdes.o
                0x000000000800275c                CRYP_TDES_ECB
                0x000000000800282c                CRYP_TDES_CBC
 .text          0x0000000008002918      0x204 ./STMPeriLib/stm32f4xx_dac.o
                0x0000000008002918                DAC_DeInit
                0x0000000008002934                DAC_Init
                0x0000000008002968                DAC_StructInit
                0x0000000008002974                DAC_Cmd
                0x000000000800299c                DAC_SoftwareTriggerCmd
                0x00000000080029c4                DAC_DualSoftwareTriggerCmd
                0x00000000080029e0                DAC_WaveGenerationCmd
                0x0000000008002a00                DAC_SetChannel1Data
                0x0000000008002a20                DAC_SetChannel2Data
                0x0000000008002a40                DAC_SetDualChannelData
                0x0000000008002a58                DAC_GetDataOutputValue
                0x0000000008002a7c                DAC_DMACmd
                0x0000000008002aa8                DAC_ITConfig
                0x0000000008002ac8                DAC_GetFlagStatus
                0x0000000008002ae0                DAC_ClearFlag
                0x0000000008002af0                DAC_GetITStatus
                0x0000000008002b0c                DAC_ClearITPendingBit
 .text          0x0000000008002b1c       0x74 ./STMPeriLib/stm32f4xx_dbgmcu.o
                0x0000000008002b1c                DBGMCU_GetREVID
                0x0000000008002b2c                DBGMCU_GetDEVID
                0x0000000008002b3c                DBGMCU_Config
                0x0000000008002b58                DBGMCU_APB1PeriphConfig
                0x0000000008002b74                DBGMCU_APB2PeriphConfig
 .text          0x0000000008002b90      0x1ac ./STMPeriLib/stm32f4xx_dcmi.o
                0x0000000008002b90                DCMI_DeInit
                0x0000000008002bac                DCMI_Init
                0x0000000008002bf4                DCMI_StructInit
                0x0000000008002c08                DCMI_CROPConfig
                0x0000000008002c28                DCMI_CROPCmd
                0x0000000008002c44                DCMI_SetEmbeddedSynchroCodes
                0x0000000008002c68                DCMI_JPEGCmd
                0x0000000008002c84                DCMI_Cmd
                0x0000000008002ca0                DCMI_CaptureCmd
                0x0000000008002cbc                DCMI_ReadData
                0x0000000008002cc8                DCMI_ITConfig
                0x0000000008002ce4                DCMI_GetFlagStatus
                0x0000000008002d10                DCMI_ClearFlag
                0x0000000008002d1c                DCMI_GetITStatus
                0x0000000008002d30                DCMI_ClearITPendingBit
 .text          0x0000000008002d3c      0x474 ./STMPeriLib/stm32f4xx_dma.o
                0x0000000008002d3c                DMA_DeInit
                0x0000000008002f24                DMA_Init
                0x0000000008002fb8                DMA_StructInit
                0x0000000008002fdc                DMA_Cmd
                0x0000000008002ff0                DMA_PeriphIncOffsetSizeConfig
                0x0000000008003004                DMA_FlowControllerConfig
                0x0000000008003018                DMA_SetCurrDataCounter
                0x000000000800301c                DMA_GetCurrDataCounter
                0x0000000008003024                DMA_DoubleBufferModeConfig
                0x000000000800303c                DMA_DoubleBufferModeCmd
                0x0000000008003050                DMA_MemoryTargetConfig
                0x000000000800305c                DMA_GetCurrentMemoryTarget
                0x0000000008003064                DMA_GetCmdStatus
                0x000000000800306c                DMA_GetFIFOStatus
                0x0000000008003074                DMA_GetFlagStatus
                0x00000000080030b0                DMA_ClearFlag
                0x00000000080030e8                DMA_ITConfig
                0x0000000008003118                DMA_GetITStatus
                0x0000000008003178                DMA_ClearITPendingBit
 .text          0x00000000080031b0      0x108 ./STMPeriLib/stm32f4xx_exti.o
                0x00000000080031b0                EXTI_DeInit
                0x00000000080031d0                EXTI_Init
                0x000000000800324c                EXTI_StructInit
                0x000000000800325c                EXTI_GenerateSWInterrupt
                0x000000000800326c                EXTI_GetFlagStatus
                0x0000000008003280                EXTI_ClearFlag
                0x000000000800328c                EXTI_GetITStatus
                0x00000000080032ac                EXTI_ClearITPendingBit
 .text          0x00000000080032b8      0x4b4 ./STMPeriLib/stm32f4xx_flash.o
                0x00000000080032b8                FLASH_SetLatency
                0x00000000080032c8                FLASH_PrefetchBufferCmd
                0x00000000080032e4                FLASH_InstructionCacheCmd
                0x0000000008003300                FLASH_DataCacheCmd
                0x000000000800331c                FLASH_InstructionCacheReset
                0x0000000008003330                FLASH_DataCacheReset
                0x0000000008003344                FLASH_Unlock
                0x0000000008003368                FLASH_Lock
                0x000000000800337c                FLASH_OB_Unlock
                0x00000000080033a0                FLASH_OB_Lock
                0x00000000080033b4                FLASH_OB_BORConfig
                0x00000000080033cc                FLASH_OB_GetUser
                0x00000000080033dc                FLASH_OB_GetWRP
                0x00000000080033ec                FLASH_OB_GetRDP
                0x0000000008003400                FLASH_OB_GetBOR
                0x0000000008003410                FLASH_ITConfig
                0x000000000800342c                FLASH_GetFlagStatus
                0x0000000008003440                FLASH_ClearFlag
                0x000000000800344c                FLASH_GetStatus
                0x0000000008003484                FLASH_WaitForLastOperation
                0x0000000008003520                FLASH_OB_Launch
                0x0000000008003534                FLASH_OB_UserConfig
                0x000000000800355c                FLASH_OB_RDPConfig
                0x0000000008003574                FLASH_OB_WRPConfig
                0x00000000080035a4                FLASH_ProgramByte
                0x00000000080035e0                FLASH_ProgramHalfWord
                0x0000000008003620                FLASH_ProgramWord
                0x0000000008003660                FLASH_ProgramDoubleWord
                0x00000000080036a4                FLASH_EraseAllSectors
                0x0000000008003700                FLASH_EraseSector
 .text          0x000000000800376c      0x54c ./STMPeriLib/stm32f4xx_fsmc.o
                0x000000000800376c                FSMC_NORSRAMDeInit
                0x00000000080037a8                FSMC_NORSRAMInit
                0x0000000008003888                FSMC_NORSRAMStructInit
                0x00000000080038d8                FSMC_NORSRAMCmd
                0x0000000008003904                FSMC_NANDDeInit
                0x0000000008003924                FSMC_NANDInit
                0x00000000080039bc                FSMC_NANDStructInit
                0x00000000080039ec                FSMC_NANDCmd
                0x0000000008003a30                FSMC_NANDECCCmd
                0x0000000008003a74                FSMC_GetECC
                0x0000000008003a8c                FSMC_PCCARDDeInit
                0x0000000008003aa8                FSMC_PCCARDInit
                0x0000000008003b0c                FSMC_PCCARDStructInit
                0x0000000008003b3c                FSMC_PCCARDCmd
                0x0000000008003b64                FSMC_ITConfig
                0x0000000008003bd4                FSMC_GetFlagStatus
                0x0000000008003c04                FSMC_ClearFlag
                0x0000000008003c40                FSMC_GetITStatus
                0x0000000008003c7c                FSMC_ClearITPendingBit
 .text          0x0000000008003cb8      0x288 ./STMPeriLib/stm32f4xx_gpio.o
                0x0000000008003cb8                GPIO_DeInit
                0x0000000008003de0                GPIO_Init
                0x0000000008003e98                GPIO_StructInit
                0x0000000008003ea4                GPIO_PinLockConfig
                0x0000000008003ec8                GPIO_ReadInputDataBit
                0x0000000008003ed4                GPIO_ReadInputData
                0x0000000008003edc                GPIO_ReadOutputDataBit
                0x0000000008003ee8                GPIO_ReadOutputData
                0x0000000008003ef0                GPIO_SetBits
                0x0000000008003ef4                GPIO_ResetBits
                0x0000000008003ef8                GPIO_WriteBit
                0x0000000008003f04                GPIO_Write
                0x0000000008003f08                GPIO_ToggleBits
                0x0000000008003f10                GPIO_PinAFConfig
 .text          0x0000000008003f40      0x1dc ./STMPeriLib/stm32f4xx_hash.o
                0x0000000008003f40                HASH_DeInit
                0x0000000008003f58                HASH_Init
                0x0000000008003fa0                HASH_StructInit
                0x0000000008003fac                HASH_Reset
                0x0000000008003fc0                HASH_SetLastWordValidBitsNbr
                0x0000000008003fd8                HASH_DataIn
                0x0000000008003fe4                HASH_GetInFIFOWordsNbr
                0x0000000008003ff4                HASH_GetDigest
                0x0000000008004014                HASH_StartDigest
                0x0000000008004028                HASH_SaveContext
                0x0000000008004054                HASH_RestoreContext
                0x000000000800408c                HASH_DMACmd
                0x00000000080040a8                HASH_ITConfig
                0x00000000080040c8                HASH_GetFlagStatus
                0x00000000080040e4                HASH_ClearFlag
                0x00000000080040f4                HASH_GetITStatus
                0x000000000800410c                HASH_ClearITPendingBit
 .text          0x000000000800411c      0x1dc ./STMPeriLib/stm32f4xx_hash_md5.o
                0x000000000800411c                HASH_MD5
                0x00000000080041ac                HMAC_MD5
 .text          0x00000000080042f8      0x1e8 ./STMPeriLib/stm32f4xx_hash_sha1.o
                0x00000000080042f8                HASH_SHA1
                0x000000000800438c                HMAC_SHA1
 .text          0x00000000080044e0      0x450 ./STMPeriLib/stm32f4xx_i2c.o
                0x00000000080044e0                I2C_DeInit
                0x0000000008004550                I2C_Init
                0x0000000008004630                I2C_StructInit
                0x000000000800464c                I2C_Cmd
                0x0000000008004668                I2C_GenerateSTART
                0x0000000008004684                I2C_GenerateSTOP
                0x00000000080046a0                I2C_Send7bitAddress
                0x00000000080046b4                I2C_AcknowledgeConfig
                0x00000000080046d0                I2C_OwnAddress2Config
                0x00000000080046e4                I2C_DualAddressCmd
                0x0000000008004700                I2C_GeneralCallCmd
                0x000000000800471c                I2C_SoftwareResetCmd
                0x0000000008004738                I2C_StretchClockCmd
                0x0000000008004754                I2C_FastModeDutyCycleConfig
                0x0000000008004774                I2C_NACKPositionConfig
                0x0000000008004794                I2C_SMBusAlertConfig
                0x00000000080047b4                I2C_ARPCmd
                0x00000000080047d0                I2C_SendData
                0x00000000080047d4                I2C_ReceiveData
                0x00000000080047dc                I2C_TransmitPEC
                0x00000000080047f8                I2C_PECPositionConfig
                0x0000000008004818                I2C_CalculatePEC
                0x0000000008004834                I2C_GetPEC
                0x000000000800483c                I2C_DMACmd
                0x0000000008004858                I2C_DMALastTransferCmd
                0x0000000008004874                I2C_ReadRegister
                0x000000000800488c                I2C_ITConfig
                0x00000000080048a0                I2C_CheckEvent
                0x00000000080048bc                I2C_GetLastEvent
                0x00000000080048cc                I2C_GetFlagStatus
                0x0000000008004904                I2C_ClearFlag
                0x000000000800490c                I2C_GetITStatus
                0x0000000008004928                I2C_ClearITPendingBit
 .text          0x0000000008004930       0x58 ./STMPeriLib/stm32f4xx_iwdg.o
                0x0000000008004930                IWDG_WriteAccessCmd
                0x000000000800493c                IWDG_SetPrescaler
                0x0000000008004948                IWDG_SetReload
                0x0000000008004954                IWDG_ReloadCounter
                0x0000000008004964                IWDG_Enable
                0x0000000008004974                IWDG_GetFlagStatus
 .text          0x0000000008004988      0x120 ./STMPeriLib/stm32f4xx_pwr.o
                0x0000000008004988                PWR_DeInit
                0x00000000080049a4                PWR_BackupAccessCmd
                0x00000000080049b0                PWR_PVDLevelConfig
                0x00000000080049c4                PWR_PVDCmd
                0x00000000080049d0                PWR_WakeUpPinCmd
                0x00000000080049dc                PWR_BackupRegulatorCmd
                0x00000000080049e8                PWR_MainRegulatorModeConfig
                0x0000000008004a04                PWR_FlashPowerDownCmd
                0x0000000008004a10                PWR_EnterSTOPMode
                0x0000000008004a54                PWR_EnterSTANDBYMode
                0x0000000008004a80                PWR_GetFlagStatus
                0x0000000008004a94                PWR_ClearFlag
 .text          0x0000000008004aa8      0x4e4 ./STMPeriLib/stm32f4xx_rcc.o
                0x0000000008004aa8                RCC_DeInit
                0x0000000008004ae0                RCC_HSEConfig
                0x0000000008004af0                RCC_WaitForHSEStartUp
                0x0000000008004b24                RCC_AdjustHSICalibrationValue
                0x0000000008004b3c                RCC_HSICmd
                0x0000000008004b48                RCC_LSEConfig
                0x0000000008004b68                RCC_LSICmd
                0x0000000008004b74                RCC_PLLConfig
                0x0000000008004b94                RCC_PLLCmd
                0x0000000008004ba0                RCC_PLLI2SConfig
                0x0000000008004bb4                RCC_PLLI2SCmd
                0x0000000008004bc0                RCC_ClockSecuritySystemCmd
                0x0000000008004bcc                RCC_MCO1Config
                0x0000000008004be4                RCC_MCO2Config
                0x0000000008004bfc                RCC_SYSCLKConfig
                0x0000000008004c10                RCC_GetSYSCLKSource
                0x0000000008004c20                RCC_HCLKConfig
                0x0000000008004c34                RCC_PCLK1Config
                0x0000000008004c48                RCC_PCLK2Config
                0x0000000008004c60                RCC_GetClocksFreq
                0x0000000008004d0c                RCC_RTCCLKConfig
                0x0000000008004d44                RCC_RTCCLKCmd
                0x0000000008004d50                RCC_BackupResetCmd
                0x0000000008004d5c                RCC_I2SCLKConfig
                0x0000000008004d68                RCC_AHB1PeriphClockCmd
                0x0000000008004d84                RCC_AHB2PeriphClockCmd
                0x0000000008004da0                RCC_AHB3PeriphClockCmd
                0x0000000008004dbc                RCC_APB1PeriphClockCmd
                0x0000000008004dd8                RCC_APB2PeriphClockCmd
                0x0000000008004df4                RCC_AHB1PeriphResetCmd
                0x0000000008004e10                RCC_AHB2PeriphResetCmd
                0x0000000008004e2c                RCC_AHB3PeriphResetCmd
                0x0000000008004e48                RCC_APB1PeriphResetCmd
                0x0000000008004e64                RCC_APB2PeriphResetCmd
                0x0000000008004e80                RCC_AHB1PeriphClockLPModeCmd
                0x0000000008004e9c                RCC_AHB2PeriphClockLPModeCmd
                0x0000000008004eb8                RCC_AHB3PeriphClockLPModeCmd
                0x0000000008004ed4                RCC_APB1PeriphClockLPModeCmd
                0x0000000008004ef0                RCC_APB2PeriphClockLPModeCmd
                0x0000000008004f0c                RCC_ITConfig
                0x0000000008004f28                RCC_GetFlagStatus
                0x0000000008004f58                RCC_ClearFlag
                0x0000000008004f6c                RCC_GetITStatus
                0x0000000008004f80                RCC_ClearITPendingBit
 .text          0x0000000008004f8c       0xa4 ./STMPeriLib/stm32f4xx_rng.o
                0x0000000008004f8c                RNG_DeInit
                0x0000000008004fa4                RNG_Cmd
                0x0000000008004fc0                RNG_GetRandomNumber
                0x0000000008004fcc                RNG_ITConfig
                0x0000000008004fe8                RNG_GetFlagStatus
                0x0000000008004ffc                RNG_ClearFlag
                0x000000000800500c                RNG_GetITStatus
                0x0000000008005020                RNG_ClearITPendingBit
 .text          0x0000000008005030      0xf70 ./STMPeriLib/stm32f4xx_rtc.o
                0x0000000008005030                RTC_DeInit
                0x000000000800512c                RTC_Init
                0x00000000080051bc                RTC_StructInit
                0x00000000080051cc                RTC_WriteProtectionCmd
                0x00000000080051e8                RTC_EnterInitMode
                0x0000000008005230                RTC_ExitInitMode
                0x0000000008005244                RTC_WaitForSynchro
                0x0000000008005290                RTC_RefClockCmd
                0x000000000800531c                RTC_BypassShadowCmd
                0x000000000800534c                RTC_SetTime
                0x00000000080054a0                RTC_TimeStructInit
                0x00000000080054ac                RTC_GetTime
                0x0000000008005508                RTC_GetSubSecond
                0x0000000008005518                RTC_SetDate
                0x0000000008005658                RTC_DateStructInit
                0x0000000008005668                RTC_GetDate
                0x00000000080056c4                RTC_SetAlarm
                0x00000000080057c8                RTC_AlarmStructInit
                0x00000000080057dc                RTC_GetAlarm
                0x000000000800586c                RTC_AlarmCmd
                0x00000000080058cc                RTC_AlarmSubSecondConfig
                0x00000000080058fc                RTC_GetAlarmSubSecond
                0x000000000800591c                RTC_WakeUpClockConfig
                0x0000000008005940                RTC_SetWakeUpCounter
                0x0000000008005958                RTC_GetWakeUpCounter
                0x0000000008005968                RTC_WakeUpCmd
                0x00000000080059c8                RTC_DayLightSavingConfig
                0x00000000080059f0                RTC_GetStoreOperation
                0x0000000008005a00                RTC_OutputConfig
                0x0000000008005a28                RTC_CoarseCalibConfig
                0x0000000008005aa0                RTC_CoarseCalibCmd
                0x0000000008005b2c                RTC_CalibOutputCmd
                0x0000000008005b5c                RTC_CalibOutputConfig
                0x0000000008005b80                RTC_SmoothCalibConfig
                0x0000000008005bdc                RTC_TimeStampCmd
                0x0000000008005c14                RTC_GetTimeStamp
                0x0000000008005cd0                RTC_GetTimeStampSubSecond
                0x0000000008005cdc                RTC_TamperTriggerConfig
                0x0000000008005cf8                RTC_TamperCmd
                0x0000000008005d14                RTC_TamperFilterConfig
                0x0000000008005d2c                RTC_TamperSamplingFreqConfig
                0x0000000008005d44                RTC_TamperPinsPrechargeDuration
                0x0000000008005d5c                RTC_TimeStampOnTamperDetectionCmd
                0x0000000008005d78                RTC_TamperPullUpCmd
                0x0000000008005d94                RTC_WriteBackupRegister
                0x0000000008005db4                RTC_ReadBackupRegister
                0x0000000008005dd4                RTC_TamperPinSelection
                0x0000000008005dec                RTC_TimeStampPinSelection
                0x0000000008005e04                RTC_OutputTypeConfig
                0x0000000008005e1c                RTC_SynchroShiftConfig
                0x0000000008005ec8                RTC_ITConfig
                0x0000000008005f14                RTC_GetFlagStatus
                0x0000000008005f30                RTC_ClearFlag
                0x0000000008005f4c                RTC_GetITStatus
                0x0000000008005f80                RTC_ClearITPendingBit
 .text          0x0000000008005fa0      0x244 ./STMPeriLib/stm32f4xx_sdio.o
                0x0000000008005fa0                SDIO_DeInit
                0x0000000008005fbc                SDIO_Init
                0x0000000008005ff4                SDIO_StructInit
                0x0000000008006004                SDIO_ClockCmd
                0x0000000008006010                SDIO_SetPowerState
                0x000000000800601c                SDIO_GetPowerState
                0x000000000800602c                SDIO_SendCommand
                0x000000000800605c                SDIO_CmdStructInit
                0x000000000800606c                SDIO_GetCommandResponse
                0x000000000800607c                SDIO_GetResponse
                0x0000000008006098                SDIO_DataConfig
                0x00000000080060c8                SDIO_DataStructInit
                0x00000000080060dc                SDIO_GetDataCounter
                0x00000000080060e8                SDIO_ReadData
                0x00000000080060f8                SDIO_WriteData
                0x0000000008006108                SDIO_GetFIFOCount
                0x0000000008006114                SDIO_StartSDIOReadWait
                0x0000000008006120                SDIO_StopSDIOReadWait
                0x000000000800612c                SDIO_SetSDIOReadWaitMode
                0x0000000008006138                SDIO_SetSDIOOperation
                0x0000000008006144                SDIO_SendSDIOSuspendCmd
                0x0000000008006150                SDIO_CommandCompletionCmd
                0x000000000800615c                SDIO_CEATAITCmd
                0x0000000008006170                SDIO_SendCEATACmd
                0x000000000800617c                SDIO_DMACmd
                0x0000000008006188                SDIO_ITConfig
                0x00000000080061a4                SDIO_GetFlagStatus
                0x00000000080061b8                SDIO_ClearFlag
                0x00000000080061c4                SDIO_GetITStatus
                0x00000000080061d8                SDIO_ClearITPendingBit
 .text          0x00000000080061e4      0x3cc ./STMPeriLib/stm32f4xx_spi.o
                0x00000000080061e4                SPI_I2S_DeInit
                0x0000000008006254                SPI_Init
                0x00000000080062a8                I2S_Init
                0x000000000800639c                SPI_StructInit
                0x00000000080063b4                I2S_StructInit
                0x00000000080063c8                SPI_Cmd
                0x00000000080063e4                I2S_Cmd
                0x0000000008006400                SPI_DataSizeConfig
                0x0000000008006418                SPI_BiDirectionalLineConfig
                0x0000000008006438                SPI_NSSInternalSoftwareConfig
                0x0000000008006458                SPI_SSOutputCmd
                0x0000000008006474                SPI_TIModeCmd
                0x0000000008006490                I2S_FullDuplexConfig
                0x00000000080064e0                SPI_I2S_ReceiveData
                0x00000000080064e8                SPI_I2S_SendData
                0x00000000080064ec                SPI_CalculateCRC
                0x0000000008006508                SPI_TransmitCRC
                0x0000000008006514                SPI_GetCRC
                0x0000000008006524                SPI_GetCRCPolynomial
                0x000000000800652c                SPI_I2S_DMACmd
                0x0000000008006540                SPI_I2S_ITConfig
                0x0000000008006560                SPI_I2S_GetFlagStatus
                0x000000000800656c                SPI_I2S_ClearFlag
                0x0000000008006574                SPI_I2S_GetITStatus
                0x000000000800659c                SPI_I2S_ClearITPendingBit
 .text          0x00000000080065b0       0x88 ./STMPeriLib/stm32f4xx_syscfg.o
                0x00000000080065b0                SYSCFG_DeInit
                0x00000000080065cc                SYSCFG_MemoryRemapConfig
                0x00000000080065d8                SYSCFG_EXTILineConfig
                0x0000000008006610                SYSCFG_ETH_MediaInterfaceConfig
                0x000000000800661c                SYSCFG_CompensationCellCmd
                0x0000000008006628                SYSCFG_GetCompensationCellStatus
 .text          0x0000000008006638      0xe28 ./STMPeriLib/stm32f4xx_tim.o
                0x0000000008006638                TIM_DeInit
                0x000000000800680c                TIM_TimeBaseInit
                0x00000000080068a4                TIM_TimeBaseStructInit
                0x00000000080068b8                TIM_PrescalerConfig
                0x00000000080068c0                TIM_CounterModeConfig
                0x00000000080068d0                TIM_SetCounter
                0x00000000080068d4                TIM_SetAutoreload
                0x00000000080068d8                TIM_GetCounter
                0x00000000080068dc                TIM_GetPrescaler
                0x00000000080068e4                TIM_UpdateDisableConfig
                0x0000000008006900                TIM_UpdateRequestConfig
                0x000000000800691c                TIM_ARRPreloadConfig
                0x0000000008006938                TIM_SelectOnePulseMode
                0x0000000008006950                TIM_SetClockDivision
                0x0000000008006968                TIM_Cmd
                0x0000000008006984                TIM_OC1Init
                0x0000000008006a14                TIM_OC2Init
                0x0000000008006ab0                TIM_OC3Init
                0x0000000008006b48                TIM_OC4Init
                0x0000000008006bbc                TIM_OCStructInit
                0x0000000008006bd0                TIM_SelectOCxM
                0x0000000008006c1c                TIM_SetCompare1
                0x0000000008006c20                TIM_SetCompare2
                0x0000000008006c24                TIM_SetCompare3
                0x0000000008006c28                TIM_SetCompare4
                0x0000000008006c2c                TIM_ForcedOC1Config
                0x0000000008006c3c                TIM_ForcedOC2Config
                0x0000000008006c50                TIM_ForcedOC3Config
                0x0000000008006c60                TIM_ForcedOC4Config
                0x0000000008006c74                TIM_OC1PreloadConfig
                0x0000000008006c84                TIM_OC2PreloadConfig
                0x0000000008006c98                TIM_OC3PreloadConfig
                0x0000000008006ca8                TIM_OC4PreloadConfig
                0x0000000008006cbc                TIM_OC1FastConfig
                0x0000000008006ccc                TIM_OC2FastConfig
                0x0000000008006ce0                TIM_OC3FastConfig
                0x0000000008006cf0                TIM_OC4FastConfig
                0x0000000008006d04                TIM_ClearOC1Ref
                0x0000000008006d14                TIM_ClearOC2Ref
                0x0000000008006d24                TIM_ClearOC3Ref
                0x0000000008006d34                TIM_ClearOC4Ref
                0x0000000008006d44                TIM_OC1PolarityConfig
                0x0000000008006d54                TIM_OC1NPolarityConfig
                0x0000000008006d64                TIM_OC2PolarityConfig
                0x0000000008006d78                TIM_OC2NPolarityConfig
                0x0000000008006d8c                TIM_OC3PolarityConfig
                0x0000000008006da0                TIM_OC3NPolarityConfig
                0x0000000008006db4                TIM_OC4PolarityConfig
                0x0000000008006dc8                TIM_CCxCmd
                0x0000000008006de8                TIM_CCxNCmd
                0x0000000008006e08                TIM_ICInit
                0x0000000008006f74                TIM_ICStructInit
                0x0000000008006f84                TIM_PWMIConfig
                0x00000000080070f4                TIM_GetCapture1
                0x00000000080070f8                TIM_GetCapture2
                0x00000000080070fc                TIM_GetCapture3
                0x0000000008007100                TIM_GetCapture4
                0x0000000008007104                TIM_SetIC1Prescaler
                0x000000000800711c                TIM_SetIC2Prescaler
                0x0000000008007138                TIM_SetIC3Prescaler
                0x0000000008007150                TIM_SetIC4Prescaler
                0x000000000800716c                TIM_BDTRConfig
                0x0000000008007198                TIM_BDTRStructInit
                0x00000000080071ac                TIM_CtrlPWMOutputs
                0x00000000080071cc                TIM_SelectCOM
                0x00000000080071e8                TIM_CCPreloadControl
                0x0000000008007204                TIM_ITConfig
                0x0000000008007218                TIM_GenerateEvent
                0x000000000800721c                TIM_GetFlagStatus
                0x0000000008007228                TIM_ClearFlag
                0x0000000008007230                TIM_GetITStatus
                0x0000000008007248                TIM_ClearITPendingBit
                0x0000000008007250                TIM_DMAConfig
                0x0000000008007258                TIM_DMACmd
                0x000000000800726c                TIM_SelectCCDMA
                0x0000000008007288                TIM_InternalClockConfig
                0x0000000008007298                TIM_ITRxExternalClockConfig
                0x00000000080072b4                TIM_TIxExternalClockConfig
                0x0000000008007344                TIM_ETRClockMode1Config
                0x000000000800736c                TIM_ETRClockMode2Config
                0x000000000800738c                TIM_SelectInputTrigger
                0x000000000800739c                TIM_SelectOutputTrigger
                0x00000000080073b4                TIM_SelectSlaveMode
                0x00000000080073cc                TIM_SelectMasterSlaveMode
                0x00000000080073e4                TIM_ETRConfig
                0x00000000080073fc                TIM_EncoderInterfaceConfig
                0x000000000800743c                TIM_SelectHallSensor
                0x0000000008007458                TIM_RemapConfig
 .text          0x0000000008007460      0x44c ./STMPeriLib/stm32f4xx_usart.o
                0x0000000008007460                USART_DeInit
                0x0000000008007534                USART_Init
                0x000000000800760c                USART_StructInit
                0x0000000008007624                USART_ClockInit
                0x0000000008007648                USART_ClockStructInit
                0x0000000008007654                USART_Cmd
                0x0000000008007670                USART_SetPrescaler
                0x0000000008007684                USART_OverSampling8Cmd
                0x00000000080076a0                USART_OneBitMethodCmd
                0x00000000080076bc                USART_SendData
                0x00000000080076c4                USART_ReceiveData
                0x00000000080076cc                USART_SetAddress
                0x00000000080076e4                USART_ReceiverWakeUpCmd
                0x0000000008007700                USART_WakeUpConfig
                0x0000000008007718                USART_LINBreakDetectLengthConfig
                0x0000000008007730                USART_LINCmd
                0x000000000800774c                USART_SendBreak
                0x0000000008007758                USART_HalfDuplexCmd
                0x0000000008007774                USART_SetGuardTime
                0x0000000008007788                USART_SmartCardCmd
                0x00000000080077a4                USART_SmartCardNACKCmd
                0x00000000080077c0                USART_IrDAConfig
                0x00000000080077d8                USART_IrDACmd
                0x00000000080077f4                USART_DMACmd
                0x0000000008007808                USART_ITConfig
                0x0000000008007840                USART_GetFlagStatus
                0x000000000800784c                USART_ClearFlag
                0x0000000008007854                USART_GetITStatus
                0x000000000800789c                USART_ClearITPendingBit
 .text          0x00000000080078ac       0xac ./STMPeriLib/stm32f4xx_wwdg.o
                0x00000000080078ac                WWDG_DeInit
                0x00000000080078c8                WWDG_SetPrescaler
                0x00000000080078dc                WWDG_SetWindowValue
                0x0000000008007904                WWDG_EnableIT
                0x0000000008007914                WWDG_SetCounter
                0x0000000008007924                WWDG_Enable
                0x0000000008007934                WWDG_GetFlagStatus
                0x0000000008007948                WWDG_ClearFlag
 .text          0x0000000008007958       0x20 /opt/summon-arm/lib/gcc/arm-none-eabi/4.6.2/../../../../arm-none-eabi/lib/thumb/cortex-m4/libc.a(lib_a-malloc.o)
                0x0000000008007958                malloc
                0x0000000008007968                free
 .text          0x0000000008007978      0x568 /opt/summon-arm/lib/gcc/arm-none-eabi/4.6.2/../../../../arm-none-eabi/lib/thumb/cortex-m4/libc.a(lib_a-mallocr.o)
                0x0000000008007978                _malloc_r
 .text          0x0000000008007ee0       0x88 /opt/summon-arm/lib/gcc/arm-none-eabi/4.6.2/../../../../arm-none-eabi/lib/thumb/cortex-m4/libc.a(lib_a-memcpy.o)
                0x0000000008007ee0                memcpy
 .text          0x0000000008007f68       0x24 /opt/summon-arm/lib/gcc/arm-none-eabi/4.6.2/../../../../arm-none-eabi/lib/thumb/cortex-m4/libc.a(lib_a-sbrkr.o)
                0x0000000008007f68                _sbrk_r
 .text          0x0000000008007f8c       0x60 /opt/summon-arm/lib/gcc/arm-none-eabi/4.6.2/../../../../arm-none-eabi/lib/thumb/cortex-m4/libc.a(lib_a-strlen.o)
                0x0000000008007f8c                strlen
 .text          0x0000000008007fec      0x220 /opt/summon-arm/lib/gcc/arm-none-eabi/4.6.2/../../../../arm-none-eabi/lib/thumb/cortex-m4/libc.a(lib_a-freer.o)
                0x0000000008007fec                _malloc_trim_r
                0x0000000008008084                _free_r
 .text          0x000000000800820c        0x0 /opt/summon-arm/lib/gcc/arm-none-eabi/4.6.2/../../../../arm-none-eabi/lib/thumb/cortex-m4/libc.a(lib_a-impure.o)
 .text          0x000000000800820c       0xec /opt/summon-arm/lib/gcc/arm-none-eabi/4.6.2/../../../../arm-none-eabi/lib/thumb/cortex-m4/libc.a(lib_a-reent.o)
                0x000000000800820c                cleanup_glue
                0x0000000008008228                _reclaim_reent
                0x00000000080082b8                _wrapup_reent
 *(.text*)
 .text.startup  0x00000000080082f8       0x38 ./src/main.o
                0x00000000080082f8                main
 .text.Reset_Handler
                0x0000000008008330       0x74 ./src/startup_stm32f4xx.o
                0x0000000008008330                Reset_Handler
 .text.Default_Handler
                0x00000000080083a4        0x2 ./src/startup_stm32f4xx.o
                0x00000000080083a4                RTC_Alarm_IRQHandler
                0x00000000080083a4                HASH_RNG_IRQHandler
                0x00000000080083a4                EXTI2_IRQHandler
                0x00000000080083a4                TIM8_CC_IRQHandler
                0x00000000080083a4                TIM1_CC_IRQHandler
                0x00000000080083a4                DMA2_Stream5_IRQHandler
                0x00000000080083a4                DMA1_Stream5_IRQHandler
                0x00000000080083a4                PVD_IRQHandler
                0x00000000080083a4                SDIO_IRQHandler
                0x00000000080083a4                TAMP_STAMP_IRQHandler
                0x00000000080083a4                CAN2_RX1_IRQHandler
                0x00000000080083a4                EXTI3_IRQHandler
                0x00000000080083a4                TIM8_TRG_COM_TIM14_IRQHandler
                0x00000000080083a4                TIM1_UP_TIM10_IRQHandler
                0x00000000080083a4                TIM8_UP_TIM13_IRQHandler
                0x00000000080083a4                I2C3_ER_IRQHandler
                0x00000000080083a4                EXTI0_IRQHandler
                0x00000000080083a4                I2C2_EV_IRQHandler
                0x00000000080083a4                DMA1_Stream2_IRQHandler
                0x00000000080083a4                FPU_IRQHandler
                0x00000000080083a4                OTG_HS_WKUP_IRQHandler
                0x00000000080083a4                CAN2_SCE_IRQHandler
                0x00000000080083a4                DMA2_Stream2_IRQHandler
                0x00000000080083a4                SPI1_IRQHandler
                0x00000000080083a4                TIM6_DAC_IRQHandler
                0x00000000080083a4                TIM1_BRK_TIM9_IRQHandler
                0x00000000080083a4                DCMI_IRQHandler
                0x00000000080083a4                CAN2_RX0_IRQHandler
                0x00000000080083a4                DMA2_Stream3_IRQHandler
                0x00000000080083a4                USART6_IRQHandler
                0x00000000080083a4                USART3_IRQHandler
                0x00000000080083a4                CRYP_IRQHandler
                0x00000000080083a4                CAN1_RX1_IRQHandler
                0x00000000080083a4                UART5_IRQHandler
                0x00000000080083a4                DMA2_Stream0_IRQHandler
                0x00000000080083a4                TIM4_IRQHandler
                0x00000000080083a4                I2C1_EV_IRQHandler
                0x00000000080083a4                DMA1_Stream6_IRQHandler
                0x00000000080083a4                DMA1_Stream1_IRQHandler
                0x00000000080083a4                UART4_IRQHandler
                0x00000000080083a4                TIM3_IRQHandler
                0x00000000080083a4                RCC_IRQHandler
                0x00000000080083a4                TIM8_BRK_TIM12_IRQHandler
                0x00000000080083a4                Default_Handler
                0x00000000080083a4                ADC_IRQHandler
                0x00000000080083a4                DMA1_Stream7_IRQHandler
                0x00000000080083a4                TIM7_IRQHandler
                0x00000000080083a4                CAN2_TX_IRQHandler
                0x00000000080083a4                TIM5_IRQHandler
                0x00000000080083a4                DMA2_Stream7_IRQHandler
                0x00000000080083a4                I2C3_EV_IRQHandler
                0x00000000080083a4                EXTI9_5_IRQHandler
                0x00000000080083a4                RTC_WKUP_IRQHandler
                0x00000000080083a4                ETH_WKUP_IRQHandler
                0x00000000080083a4                SPI2_IRQHandler
                0x00000000080083a4                OTG_HS_EP1_IN_IRQHandler
                0x00000000080083a4                DMA1_Stream0_IRQHandler
                0x00000000080083a4                CAN1_TX_IRQHandler
                0x00000000080083a4                EXTI4_IRQHandler
                0x00000000080083a4                FSMC_IRQHandler
                0x00000000080083a4                ETH_IRQHandler
                0x00000000080083a4                OTG_HS_EP1_OUT_IRQHandler
                0x00000000080083a4                WWDG_IRQHandler
                0x00000000080083a4                OTG_FS_WKUP_IRQHandler
                0x00000000080083a4                TIM1_TRG_COM_TIM11_IRQHandler
                0x00000000080083a4                OTG_HS_IRQHandler
                0x00000000080083a4                EXTI1_IRQHandler
                0x00000000080083a4                USART2_IRQHandler
                0x00000000080083a4                I2C2_ER_IRQHandler
                0x00000000080083a4                DMA2_Stream1_IRQHandler
                0x00000000080083a4                CAN1_SCE_IRQHandler
                0x00000000080083a4                FLASH_IRQHandler
                0x00000000080083a4                DMA2_Stream4_IRQHandler
                0x00000000080083a4                USART1_IRQHandler
                0x00000000080083a4                OTG_FS_IRQHandler
                0x00000000080083a4                SPI3_IRQHandler
                0x00000000080083a4                DMA1_Stream4_IRQHandler
                0x00000000080083a4                I2C1_ER_IRQHandler
                0x00000000080083a4                DMA2_Stream6_IRQHandler
                0x00000000080083a4                DMA1_Stream3_IRQHandler
 *(.rodata)
 *fill*         0x00000000080083a6        0x2 00
 .rodata        0x00000000080083a8       0x30 ./src/util/stm32f4_discovery.o
                0x00000000080083a8                GPIO_CLK
                0x00000000080083b8                GPIO_PIN
                0x00000000080083c0                BUTTON_IRQn
                0x00000000080083c4                BUTTON_PIN_SOURCE
                0x00000000080083c8                BUTTON_PORT_SOURCE
                0x00000000080083cc                BUTTON_EXTI_LINE
                0x00000000080083d0                BUTTON_CLK
                0x00000000080083d4                BUTTON_PIN
 .rodata        0x00000000080083d8        0x8 ./src/master/master_main.o
 .rodata        0x00000000080083e0        0x4 /opt/summon-arm/lib/gcc/arm-none-eabi/4.6.2/../../../../arm-none-eabi/lib/thumb/cortex-m4/libc.a(lib_a-impure.o)
                0x00000000080083e0                _global_impure_ptr
 *(.rodata*)
 .rodata.str1.4
                0x00000000080083e4       0x3e ./src/master/master_main.o
                                         0x44 (size before relaxing)
 *fill*         0x0000000008008422        0x2 00
 .rodata.str1.4
                0x0000000008008424       0x20 ./src/stm32f4xx_it.o
 .rodata.str1.4
                0x0000000008008444        0x4 /opt/summon-arm/lib/gcc/arm-none-eabi/4.6.2/../../../../arm-none-eabi/lib/thumb/cortex-m4/libc.a(lib_a-impure.o)
 *(.glue_7)
 .glue_7        0x0000000000000000        0x0 linker stubs
 *(.glue_7t)
 .glue_7t       0x0000000000000000        0x0 linker stubs
 *(.eh_frame)
 *(.init)
 *(.fini)
                0x0000000008008448                . = ALIGN (0x4)
                0x0000000008008448                __ctors_start__ = .
 *(.init_array)
 *(.ctors)
                0x0000000008008448                __ctors_end__ = .
                0x0000000008008448                . = ALIGN (0x4)
                0x0000000008008448                _etext = .

.vfp11_veneer   0x0000000008008448        0x0
 .vfp11_veneer  0x0000000000000000        0x0 linker stubs

.v4_bx          0x0000000008008448        0x0
 .v4_bx         0x0000000000000000        0x0 linker stubs

.ARM.extab
 *(.ARM.extab* .gnu.linkonce.armextab.*)

.ARM            0x0000000008008448        0x0
                0x0000000008008448                __exidx_start = .
 *(.ARM.exidx*)
                0x0000000008008448                __exidx_end = .

.preinit_array  0x0000000008008448        0x0
                0x0000000008008448                PROVIDE (__preinit_array_start, .)
 *(.preinit_array*)
                0x0000000008008448                PROVIDE (__preinit_array_end, .)

.init_array     0x0000000008008448        0x0
                0x0000000008008448                PROVIDE (__init_array_start, .)
 *(SORT(.init_array.*))
 *(.init_array*)
                0x0000000008008448                PROVIDE (__init_array_end, .)

.fini_array     0x0000000008008448        0x0
                0x0000000008008448                PROVIDE (__fini_array_start, .)
 *(SORT(.fini_array.*))
 *(.fini_array*)
                0x0000000008008448                PROVIDE (__fini_array_end, .)
                0x0000000008008448                _sidata = LOADADDR (.data)

.data           0x0000000020000000      0x880 load address 0x0000000008008448
                0x0000000020000000                . = ALIGN (0x4)
                0x0000000020000000                _sdata = .
 *(.data)
 .data          0x0000000020000000        0x0 ./src/util/linked_list.o
 .data          0x0000000020000000       0x14 ./src/util/stm32f4_discovery.o
                0x0000000020000000                GPIO_PORT
                0x0000000020000010                BUTTON_PORT
 .data          0x0000000020000014        0x0 ./src/util/uart.o
 .data          0x0000000020000014        0x0 ./src/master/master_io.o
 .data          0x0000000020000014        0x0 ./src/master/master_main.o
 .data          0x0000000020000014        0x1 ./src/master/master_report.o
                0x0000000020000014                allowReceptions
 .data          0x0000000020000015        0x0 ./src/common/can_helper.o
 .data          0x0000000020000015        0x0 ./src/common/timer.o
 .data          0x0000000020000015        0x0 ./src/main.o
 .data          0x0000000020000015        0x0 ./src/startup_stm32f4xx.o
 .data          0x0000000020000015        0x0 ./src/stm32f4xx_it.o
 .data          0x0000000020000015        0x0 ./src/syscalls.o
 *fill*         0x0000000020000015        0x3 00
 .data          0x0000000020000018       0x14 ./src/system_stm32f4xx.o
                0x0000000020000018                AHBPrescTable
                0x0000000020000028                SystemCoreClock
 .data          0x000000002000002c        0x0 ./STMPeriLib/misc.o
 .data          0x000000002000002c        0x0 ./STMPeriLib/stm32f4xx_adc.o
 .data          0x000000002000002c        0x0 ./STMPeriLib/stm32f4xx_can.o
 .data          0x000000002000002c        0x0 ./STMPeriLib/stm32f4xx_crc.o
 .data          0x000000002000002c        0x0 ./STMPeriLib/stm32f4xx_cryp.o
 .data          0x000000002000002c        0x0 ./STMPeriLib/stm32f4xx_cryp_aes.o
 .data          0x000000002000002c        0x0 ./STMPeriLib/stm32f4xx_cryp_des.o
 .data          0x000000002000002c        0x0 ./STMPeriLib/stm32f4xx_cryp_tdes.o
 .data          0x000000002000002c        0x0 ./STMPeriLib/stm32f4xx_dac.o
 .data          0x000000002000002c        0x0 ./STMPeriLib/stm32f4xx_dbgmcu.o
 .data          0x000000002000002c        0x0 ./STMPeriLib/stm32f4xx_dcmi.o
 .data          0x000000002000002c        0x0 ./STMPeriLib/stm32f4xx_dma.o
 .data          0x000000002000002c        0x0 ./STMPeriLib/stm32f4xx_exti.o
 .data          0x000000002000002c        0x0 ./STMPeriLib/stm32f4xx_flash.o
 .data          0x000000002000002c        0x0 ./STMPeriLib/stm32f4xx_fsmc.o
 .data          0x000000002000002c        0x0 ./STMPeriLib/stm32f4xx_gpio.o
 .data          0x000000002000002c        0x0 ./STMPeriLib/stm32f4xx_hash.o
 .data          0x000000002000002c        0x0 ./STMPeriLib/stm32f4xx_hash_md5.o
 .data          0x000000002000002c        0x0 ./STMPeriLib/stm32f4xx_hash_sha1.o
 .data          0x000000002000002c        0x0 ./STMPeriLib/stm32f4xx_i2c.o
 .data          0x000000002000002c        0x0 ./STMPeriLib/stm32f4xx_iwdg.o
 .data          0x000000002000002c        0x0 ./STMPeriLib/stm32f4xx_pwr.o
 .data          0x000000002000002c       0x10 ./STMPeriLib/stm32f4xx_rcc.o
 .data          0x000000002000003c        0x0 ./STMPeriLib/stm32f4xx_rng.o
 .data          0x000000002000003c        0x0 ./STMPeriLib/stm32f4xx_rtc.o
 .data          0x000000002000003c        0x0 ./STMPeriLib/stm32f4xx_sdio.o
 .data          0x000000002000003c        0x0 ./STMPeriLib/stm32f4xx_spi.o
 .data          0x000000002000003c        0x0 ./STMPeriLib/stm32f4xx_syscfg.o
 .data          0x000000002000003c        0x0 ./STMPeriLib/stm32f4xx_tim.o
 .data          0x000000002000003c        0x0 ./STMPeriLib/stm32f4xx_usart.o
 .data          0x000000002000003c        0x0 ./STMPeriLib/stm32f4xx_wwdg.o
 .data          0x000000002000003c        0x0 /opt/summon-arm/lib/gcc/arm-none-eabi/4.6.2/../../../../arm-none-eabi/lib/thumb/cortex-m4/libc.a(lib_a-malloc.o)
 .data          0x000000002000003c      0x410 /opt/summon-arm/lib/gcc/arm-none-eabi/4.6.2/../../../../arm-none-eabi/lib/thumb/cortex-m4/libc.a(lib_a-mallocr.o)
                0x000000002000003c                __malloc_av_
                0x0000000020000444                __malloc_sbrk_base
                0x0000000020000448                __malloc_trim_threshold
 .data          0x000000002000044c        0x0 /opt/summon-arm/lib/gcc/arm-none-eabi/4.6.2/../../../../arm-none-eabi/lib/thumb/cortex-m4/libc.a(lib_a-memcpy.o)
 .data          0x000000002000044c        0x0 /opt/summon-arm/lib/gcc/arm-none-eabi/4.6.2/../../../../arm-none-eabi/lib/thumb/cortex-m4/libc.a(lib_a-sbrkr.o)
 .data          0x000000002000044c        0x0 /opt/summon-arm/lib/gcc/arm-none-eabi/4.6.2/../../../../arm-none-eabi/lib/thumb/cortex-m4/libc.a(lib_a-strlen.o)
 .data          0x000000002000044c        0x0 /opt/summon-arm/lib/gcc/arm-none-eabi/4.6.2/../../../../arm-none-eabi/lib/thumb/cortex-m4/libc.a(lib_a-freer.o)
 *fill*         0x000000002000044c        0x4 00
 .data          0x0000000020000450      0x430 /opt/summon-arm/lib/gcc/arm-none-eabi/4.6.2/../../../../arm-none-eabi/lib/thumb/cortex-m4/libc.a(lib_a-impure.o)
                0x0000000020000450                _impure_ptr
 .data          0x0000000020000880        0x0 /opt/summon-arm/lib/gcc/arm-none-eabi/4.6.2/../../../../arm-none-eabi/lib/thumb/cortex-m4/libc.a(lib_a-reent.o)
 *(.data*)
                0x0000000020000880                . = ALIGN (0x4)
                0x0000000020000880                _edata = .
                0x0000000020000880                . = ALIGN (0x4)

.bss            0x0000000020000880      0x134 load address 0x0000000008008cc8
                0x0000000020000880                _sbss = .
                0x0000000020000880                __bss_start__ = _sbss
 *(.bss)
 .bss           0x0000000020000880        0x0 ./src/util/linked_list.o
 .bss           0x0000000020000880        0x0 ./src/util/stm32f4_discovery.o
 .bss           0x0000000020000880        0x0 ./src/util/uart.o
 .bss           0x0000000020000880        0x0 ./src/master/master_io.o
 .bss           0x0000000020000880       0x2c ./src/master/master_main.o
                0x0000000020000880                strrep
                0x00000000200008a8                run
 .bss           0x00000000200008ac        0x1 ./src/master/master_report.o
                0x00000000200008ac                reportCreated
 .bss           0x00000000200008ad        0x0 ./src/common/can_helper.o
 .bss           0x00000000200008ad        0x1 ./src/common/timer.o
                0x00000000200008ad                overflow
 .bss           0x00000000200008ae        0x0 ./src/main.o
 .bss           0x00000000200008ae        0x0 ./src/startup_stm32f4xx.o
                0x00000000200008ae                __dso_handle
 .bss           0x00000000200008ae        0x2 ./src/stm32f4xx_it.o
                0x00000000200008ae                led
                0x00000000200008af                entry
 .bss           0x00000000200008b0        0x8 ./src/syscalls.o
                0x00000000200008b4                lock
 .bss           0x00000000200008b8        0x0 ./src/system_stm32f4xx.o
 .bss           0x00000000200008b8        0x0 ./STMPeriLib/misc.o
 .bss           0x00000000200008b8        0x0 ./STMPeriLib/stm32f4xx_adc.o
 .bss           0x00000000200008b8        0x0 ./STMPeriLib/stm32f4xx_can.o
 .bss           0x00000000200008b8        0x0 ./STMPeriLib/stm32f4xx_crc.o
 .bss           0x00000000200008b8        0x0 ./STMPeriLib/stm32f4xx_cryp.o
 .bss           0x00000000200008b8        0x0 ./STMPeriLib/stm32f4xx_cryp_aes.o
 .bss           0x00000000200008b8        0x0 ./STMPeriLib/stm32f4xx_cryp_des.o
 .bss           0x00000000200008b8        0x0 ./STMPeriLib/stm32f4xx_cryp_tdes.o
 .bss           0x00000000200008b8        0x0 ./STMPeriLib/stm32f4xx_dac.o
 .bss           0x00000000200008b8        0x0 ./STMPeriLib/stm32f4xx_dbgmcu.o
 .bss           0x00000000200008b8        0x0 ./STMPeriLib/stm32f4xx_dcmi.o
 .bss           0x00000000200008b8        0x0 ./STMPeriLib/stm32f4xx_dma.o
 .bss           0x00000000200008b8        0x0 ./STMPeriLib/stm32f4xx_exti.o
 .bss           0x00000000200008b8        0x0 ./STMPeriLib/stm32f4xx_flash.o
 .bss           0x00000000200008b8        0x0 ./STMPeriLib/stm32f4xx_fsmc.o
 .bss           0x00000000200008b8        0x0 ./STMPeriLib/stm32f4xx_gpio.o
 .bss           0x00000000200008b8        0x0 ./STMPeriLib/stm32f4xx_hash.o
 .bss           0x00000000200008b8        0x0 ./STMPeriLib/stm32f4xx_hash_md5.o
 .bss           0x00000000200008b8        0x0 ./STMPeriLib/stm32f4xx_hash_sha1.o
 .bss           0x00000000200008b8        0x0 ./STMPeriLib/stm32f4xx_i2c.o
 .bss           0x00000000200008b8        0x0 ./STMPeriLib/stm32f4xx_iwdg.o
 .bss           0x00000000200008b8        0x0 ./STMPeriLib/stm32f4xx_pwr.o
 .bss           0x00000000200008b8        0x0 ./STMPeriLib/stm32f4xx_rcc.o
 .bss           0x00000000200008b8        0x0 ./STMPeriLib/stm32f4xx_rng.o
 .bss           0x00000000200008b8        0x0 ./STMPeriLib/stm32f4xx_rtc.o
 .bss           0x00000000200008b8        0x0 ./STMPeriLib/stm32f4xx_sdio.o
 .bss           0x00000000200008b8        0x0 ./STMPeriLib/stm32f4xx_spi.o
 .bss           0x00000000200008b8        0x0 ./STMPeriLib/stm32f4xx_syscfg.o
 .bss           0x00000000200008b8        0x0 ./STMPeriLib/stm32f4xx_tim.o
 .bss           0x00000000200008b8        0x0 ./STMPeriLib/stm32f4xx_usart.o
 .bss           0x00000000200008b8        0x0 ./STMPeriLib/stm32f4xx_wwdg.o
 .bss           0x00000000200008b8        0x0 /opt/summon-arm/lib/gcc/arm-none-eabi/4.6.2/../../../../arm-none-eabi/lib/thumb/cortex-m4/libc.a(lib_a-malloc.o)
 .bss           0x00000000200008b8       0x34 /opt/summon-arm/lib/gcc/arm-none-eabi/4.6.2/../../../../arm-none-eabi/lib/thumb/cortex-m4/libc.a(lib_a-mallocr.o)
                0x00000000200008b8                __malloc_top_pad
                0x00000000200008bc                __malloc_current_mallinfo
                0x00000000200008e4                __malloc_max_sbrked_mem
                0x00000000200008e8                __malloc_max_total_mem
 .bss           0x00000000200008ec        0x0 /opt/summon-arm/lib/gcc/arm-none-eabi/4.6.2/../../../../arm-none-eabi/lib/thumb/cortex-m4/libc.a(lib_a-memcpy.o)
 .bss           0x00000000200008ec        0x0 /opt/summon-arm/lib/gcc/arm-none-eabi/4.6.2/../../../../arm-none-eabi/lib/thumb/cortex-m4/libc.a(lib_a-sbrkr.o)
 .bss           0x00000000200008ec        0x0 /opt/summon-arm/lib/gcc/arm-none-eabi/4.6.2/../../../../arm-none-eabi/lib/thumb/cortex-m4/libc.a(lib_a-strlen.o)
 .bss           0x00000000200008ec        0x0 /opt/summon-arm/lib/gcc/arm-none-eabi/4.6.2/../../../../arm-none-eabi/lib/thumb/cortex-m4/libc.a(lib_a-freer.o)
 .bss           0x00000000200008ec        0x0 /opt/summon-arm/lib/gcc/arm-none-eabi/4.6.2/../../../../arm-none-eabi/lib/thumb/cortex-m4/libc.a(lib_a-impure.o)
 .bss           0x00000000200008ec        0x0 /opt/summon-arm/lib/gcc/arm-none-eabi/4.6.2/../../../../arm-none-eabi/lib/thumb/cortex-m4/libc.a(lib_a-reent.o)
 *(.bss*)
 *(COMMON)
 COMMON         0x00000000200008ec        0x4 ./src/util/stm32f4_discovery.o
                0x00000000200008ec                NVIC_InitStructure
 COMMON         0x00000000200008f0       0x40 ./src/util/uart.o
                0x00000000200008f0                lst
                0x00000000200008f4                USART2_DMA_InitStruct
 COMMON         0x0000000020000930       0x60 ./src/master/master_report.o
                0x0000000020000930                report
 COMMON         0x0000000020000990        0xc ./src/common/timer.o
                0x0000000020000990                TIM_TimeBaseInitStruct
 COMMON         0x000000002000099c       0x14 ./src/stm32f4xx_it.o
                0x000000002000099c                RxMessage
 COMMON         0x00000000200009b0        0x4 /opt/summon-arm/lib/gcc/arm-none-eabi/4.6.2/../../../../arm-none-eabi/lib/thumb/cortex-m4/libc.a(lib_a-reent.o)
                0x00000000200009b0                errno
                0x00000000200009b4                . = ALIGN (0x4)
                0x00000000200009b4                _ebss = .
                0x00000000200009b4                __bss_end__ = _ebss
                0x00000000200009b4                PROVIDE (__heap_start__, .)
                0x00000000200069b8                PROVIDE (__heap_end__, ALIGN ((. + 0x6000), 0x8))

.memory_b1_text
 *(.mb1text)
 *(.mb1text*)
 *(.mb1rodata)
 *(.mb1rodata*)

/DISCARD/
 libc.a(*)
 libm.a(*)
 libgcc.a(*)

.ARM.attributes
                0x0000000000000000       0x2f
 *(.ARM.attributes)
 .ARM.attributes
                0x0000000000000000       0x31 ./src/util/linked_list.o
 .ARM.attributes
                0x0000000000000031       0x31 ./src/util/stm32f4_discovery.o
 .ARM.attributes
                0x0000000000000062       0x31 ./src/util/uart.o
 .ARM.attributes
                0x0000000000000093       0x31 ./src/master/master_io.o
 .ARM.attributes
                0x00000000000000c4       0x31 ./src/master/master_main.o
 .ARM.attributes
                0x00000000000000f5       0x31 ./src/master/master_report.o
 .ARM.attributes
                0x0000000000000126       0x31 ./src/common/can_helper.o
 .ARM.attributes
                0x0000000000000157       0x31 ./src/common/timer.o
 .ARM.attributes
                0x0000000000000188       0x31 ./src/main.o
 .ARM.attributes
                0x00000000000001b9       0x21 ./src/startup_stm32f4xx.o
 .ARM.attributes
                0x00000000000001da       0x31 ./src/stm32f4xx_it.o
 .ARM.attributes
                0x000000000000020b       0x31 ./src/syscalls.o
 .ARM.attributes
                0x000000000000023c       0x31 ./src/system_stm32f4xx.o
 .ARM.attributes
                0x000000000000026d       0x31 ./STMPeriLib/misc.o
 .ARM.attributes
                0x000000000000029e       0x31 ./STMPeriLib/stm32f4xx_adc.o
 .ARM.attributes
                0x00000000000002cf       0x31 ./STMPeriLib/stm32f4xx_can.o
 .ARM.attributes
                0x0000000000000300       0x31 ./STMPeriLib/stm32f4xx_crc.o
 .ARM.attributes
                0x0000000000000331       0x31 ./STMPeriLib/stm32f4xx_cryp.o
 .ARM.attributes
                0x0000000000000362       0x31 ./STMPeriLib/stm32f4xx_cryp_aes.o
 .ARM.attributes
                0x0000000000000393       0x31 ./STMPeriLib/stm32f4xx_cryp_des.o
 .ARM.attributes
                0x00000000000003c4       0x31 ./STMPeriLib/stm32f4xx_cryp_tdes.o
 .ARM.attributes
                0x00000000000003f5       0x31 ./STMPeriLib/stm32f4xx_dac.o
 .ARM.attributes
                0x0000000000000426       0x31 ./STMPeriLib/stm32f4xx_dbgmcu.o
 .ARM.attributes
                0x0000000000000457       0x31 ./STMPeriLib/stm32f4xx_dcmi.o
 .ARM.attributes
                0x0000000000000488       0x31 ./STMPeriLib/stm32f4xx_dma.o
 .ARM.attributes
                0x00000000000004b9       0x31 ./STMPeriLib/stm32f4xx_exti.o
 .ARM.attributes
                0x00000000000004ea       0x31 ./STMPeriLib/stm32f4xx_flash.o
 .ARM.attributes
                0x000000000000051b       0x31 ./STMPeriLib/stm32f4xx_fsmc.o
 .ARM.attributes
                0x000000000000054c       0x31 ./STMPeriLib/stm32f4xx_gpio.o
 .ARM.attributes
                0x000000000000057d       0x31 ./STMPeriLib/stm32f4xx_hash.o
 .ARM.attributes
                0x00000000000005ae       0x31 ./STMPeriLib/stm32f4xx_hash_md5.o
 .ARM.attributes
                0x00000000000005df       0x31 ./STMPeriLib/stm32f4xx_hash_sha1.o
 .ARM.attributes
                0x0000000000000610       0x31 ./STMPeriLib/stm32f4xx_i2c.o
 .ARM.attributes
                0x0000000000000641       0x31 ./STMPeriLib/stm32f4xx_iwdg.o
 .ARM.attributes
                0x0000000000000672       0x31 ./STMPeriLib/stm32f4xx_pwr.o
 .ARM.attributes
                0x00000000000006a3       0x31 ./STMPeriLib/stm32f4xx_rcc.o
 .ARM.attributes
                0x00000000000006d4       0x31 ./STMPeriLib/stm32f4xx_rng.o
 .ARM.attributes
                0x0000000000000705       0x31 ./STMPeriLib/stm32f4xx_rtc.o
 .ARM.attributes
                0x0000000000000736       0x31 ./STMPeriLib/stm32f4xx_sdio.o
 .ARM.attributes
                0x0000000000000767       0x31 ./STMPeriLib/stm32f4xx_spi.o
 .ARM.attributes
                0x0000000000000798       0x31 ./STMPeriLib/stm32f4xx_syscfg.o
 .ARM.attributes
                0x00000000000007c9       0x31 ./STMPeriLib/stm32f4xx_tim.o
 .ARM.attributes
                0x00000000000007fa       0x31 ./STMPeriLib/stm32f4xx_usart.o
 .ARM.attributes
                0x000000000000082b       0x31 ./STMPeriLib/stm32f4xx_wwdg.o
 .ARM.attributes
                0x000000000000085c       0x31 /opt/summon-arm/lib/gcc/arm-none-eabi/4.6.2/../../../../arm-none-eabi/lib/thumb/cortex-m4/libc.a(lib_a-malloc.o)
 .ARM.attributes
                0x000000000000088d       0x31 /opt/summon-arm/lib/gcc/arm-none-eabi/4.6.2/../../../../arm-none-eabi/lib/thumb/cortex-m4/libc.a(lib_a-mallocr.o)
 .ARM.attributes
                0x00000000000008be       0x31 /opt/summon-arm/lib/gcc/arm-none-eabi/4.6.2/../../../../arm-none-eabi/lib/thumb/cortex-m4/libc.a(lib_a-memcpy.o)
 .ARM.attributes
                0x00000000000008ef       0x31 /opt/summon-arm/lib/gcc/arm-none-eabi/4.6.2/../../../../arm-none-eabi/lib/thumb/cortex-m4/libc.a(lib_a-sbrkr.o)
 .ARM.attributes
                0x0000000000000920       0x31 /opt/summon-arm/lib/gcc/arm-none-eabi/4.6.2/../../../../arm-none-eabi/lib/thumb/cortex-m4/libc.a(lib_a-strlen.o)
 .ARM.attributes
                0x0000000000000951       0x31 /opt/summon-arm/lib/gcc/arm-none-eabi/4.6.2/../../../../arm-none-eabi/lib/thumb/cortex-m4/libc.a(lib_a-freer.o)
 .ARM.attributes
                0x0000000000000982       0x31 /opt/summon-arm/lib/gcc/arm-none-eabi/4.6.2/../../../../arm-none-eabi/lib/thumb/cortex-m4/libc.a(lib_a-impure.o)
 .ARM.attributes
                0x00000000000009b3       0x31 /opt/summon-arm/lib/gcc/arm-none-eabi/4.6.2/../../../../arm-none-eabi/lib/thumb/cortex-m4/libc.a(lib_a-reent.o)
OUTPUT(CAN.elf elf32-littlearm)

.comment        0x0000000000000000       0x3a
 .comment       0x0000000000000000       0x3a ./src/util/linked_list.o
                                         0x3b (size before relaxing)
 .comment       0x0000000000000000       0x3b ./src/util/stm32f4_discovery.o
 .comment       0x0000000000000000       0x3b ./src/util/uart.o
 .comment       0x0000000000000000       0x3b ./src/master/master_io.o
 .comment       0x0000000000000000       0x3b ./src/master/master_main.o
 .comment       0x0000000000000000       0x3b ./src/master/master_report.o
 .comment       0x0000000000000000       0x3b ./src/common/can_helper.o
 .comment       0x0000000000000000       0x3b ./src/common/timer.o
 .comment       0x0000000000000000       0x3b ./src/main.o
 .comment       0x0000000000000000       0x3b ./src/stm32f4xx_it.o
 .comment       0x0000000000000000       0x3b ./src/syscalls.o
 .comment       0x0000000000000000       0x3b ./src/system_stm32f4xx.o
 .comment       0x0000000000000000       0x3b ./STMPeriLib/misc.o
 .comment       0x0000000000000000       0x3b ./STMPeriLib/stm32f4xx_adc.o
 .comment       0x0000000000000000       0x3b ./STMPeriLib/stm32f4xx_can.o
 .comment       0x0000000000000000       0x3b ./STMPeriLib/stm32f4xx_crc.o
 .comment       0x0000000000000000       0x3b ./STMPeriLib/stm32f4xx_cryp.o
 .comment       0x0000000000000000       0x3b ./STMPeriLib/stm32f4xx_cryp_aes.o
 .comment       0x0000000000000000       0x3b ./STMPeriLib/stm32f4xx_cryp_des.o
 .comment       0x0000000000000000       0x3b ./STMPeriLib/stm32f4xx_cryp_tdes.o
 .comment       0x0000000000000000       0x3b ./STMPeriLib/stm32f4xx_dac.o
 .comment       0x0000000000000000       0x3b ./STMPeriLib/stm32f4xx_dbgmcu.o
 .comment       0x0000000000000000       0x3b ./STMPeriLib/stm32f4xx_dcmi.o
 .comment       0x0000000000000000       0x3b ./STMPeriLib/stm32f4xx_dma.o
 .comment       0x0000000000000000       0x3b ./STMPeriLib/stm32f4xx_exti.o
 .comment       0x0000000000000000       0x3b ./STMPeriLib/stm32f4xx_flash.o
 .comment       0x0000000000000000       0x3b ./STMPeriLib/stm32f4xx_fsmc.o
 .comment       0x0000000000000000       0x3b ./STMPeriLib/stm32f4xx_gpio.o
 .comment       0x0000000000000000       0x3b ./STMPeriLib/stm32f4xx_hash.o
 .comment       0x0000000000000000       0x3b ./STMPeriLib/stm32f4xx_hash_md5.o
 .comment       0x0000000000000000       0x3b ./STMPeriLib/stm32f4xx_hash_sha1.o
 .comment       0x0000000000000000       0x3b ./STMPeriLib/stm32f4xx_i2c.o
 .comment       0x0000000000000000       0x3b ./STMPeriLib/stm32f4xx_iwdg.o
 .comment       0x0000000000000000       0x3b ./STMPeriLib/stm32f4xx_pwr.o
 .comment       0x0000000000000000       0x3b ./STMPeriLib/stm32f4xx_rcc.o
 .comment       0x0000000000000000       0x3b ./STMPeriLib/stm32f4xx_rng.o
 .comment       0x0000000000000000       0x3b ./STMPeriLib/stm32f4xx_rtc.o
 .comment       0x0000000000000000       0x3b ./STMPeriLib/stm32f4xx_sdio.o
 .comment       0x0000000000000000       0x3b ./STMPeriLib/stm32f4xx_spi.o
 .comment       0x0000000000000000       0x3b ./STMPeriLib/stm32f4xx_syscfg.o
 .comment       0x0000000000000000       0x3b ./STMPeriLib/stm32f4xx_tim.o
 .comment       0x0000000000000000       0x3b ./STMPeriLib/stm32f4xx_usart.o
 .comment       0x0000000000000000       0x3b ./STMPeriLib/stm32f4xx_wwdg.o
 .comment       0x0000000000000000       0x3b /opt/summon-arm/lib/gcc/arm-none-eabi/4.6.2/../../../../arm-none-eabi/lib/thumb/cortex-m4/libc.a(lib_a-malloc.o)
 .comment       0x0000000000000000       0x3b /opt/summon-arm/lib/gcc/arm-none-eabi/4.6.2/../../../../arm-none-eabi/lib/thumb/cortex-m4/libc.a(lib_a-mallocr.o)
 .comment       0x0000000000000000       0x3b /opt/summon-arm/lib/gcc/arm-none-eabi/4.6.2/../../../../arm-none-eabi/lib/thumb/cortex-m4/libc.a(lib_a-memcpy.o)
 .comment       0x0000000000000000       0x3b /opt/summon-arm/lib/gcc/arm-none-eabi/4.6.2/../../../../arm-none-eabi/lib/thumb/cortex-m4/libc.a(lib_a-sbrkr.o)
 .comment       0x0000000000000000       0x3b /opt/summon-arm/lib/gcc/arm-none-eabi/4.6.2/../../../../arm-none-eabi/lib/thumb/cortex-m4/libc.a(lib_a-strlen.o)
 .comment       0x0000000000000000       0x3b /opt/summon-arm/lib/gcc/arm-none-eabi/4.6.2/../../../../arm-none-eabi/lib/thumb/cortex-m4/libc.a(lib_a-freer.o)
 .comment       0x0000000000000000       0x3b /opt/summon-arm/lib/gcc/arm-none-eabi/4.6.2/../../../../arm-none-eabi/lib/thumb/cortex-m4/libc.a(lib_a-impure.o)
 .comment       0x0000000000000000       0x3b /opt/summon-arm/lib/gcc/arm-none-eabi/4.6.2/../../../../arm-none-eabi/lib/thumb/cortex-m4/libc.a(lib_a-reent.o)

.debug_info     0x0000000000000000     0x42a7
 .debug_info    0x0000000000000000      0x9a5 /opt/summon-arm/lib/gcc/arm-none-eabi/4.6.2/../../../../arm-none-eabi/lib/thumb/cortex-m4/libc.a(lib_a-malloc.o)
 .debug_info    0x00000000000009a5      0xd6b /opt/summon-arm/lib/gcc/arm-none-eabi/4.6.2/../../../../arm-none-eabi/lib/thumb/cortex-m4/libc.a(lib_a-mallocr.o)
 .debug_info    0x0000000000001710      0x130 /opt/summon-arm/lib/gcc/arm-none-eabi/4.6.2/../../../../arm-none-eabi/lib/thumb/cortex-m4/libc.a(lib_a-memcpy.o)
 .debug_info    0x0000000000001840      0x9ac /opt/summon-arm/lib/gcc/arm-none-eabi/4.6.2/../../../../arm-none-eabi/lib/thumb/cortex-m4/libc.a(lib_a-sbrkr.o)
 .debug_info    0x00000000000021ec       0xb1 /opt/summon-arm/lib/gcc/arm-none-eabi/4.6.2/../../../../arm-none-eabi/lib/thumb/cortex-m4/libc.a(lib_a-strlen.o)
 .debug_info    0x000000000000229d      0xc40 /opt/summon-arm/lib/gcc/arm-none-eabi/4.6.2/../../../../arm-none-eabi/lib/thumb/cortex-m4/libc.a(lib_a-freer.o)
 .debug_info    0x0000000000002edd      0x966 /opt/summon-arm/lib/gcc/arm-none-eabi/4.6.2/../../../../arm-none-eabi/lib/thumb/cortex-m4/libc.a(lib_a-impure.o)
 .debug_info    0x0000000000003843      0xa64 /opt/summon-arm/lib/gcc/arm-none-eabi/4.6.2/../../../../arm-none-eabi/lib/thumb/cortex-m4/libc.a(lib_a-reent.o)

.debug_abbrev   0x0000000000000000      0xbb5
 .debug_abbrev  0x0000000000000000      0x196 /opt/summon-arm/lib/gcc/arm-none-eabi/4.6.2/../../../../arm-none-eabi/lib/thumb/cortex-m4/libc.a(lib_a-malloc.o)
 .debug_abbrev  0x0000000000000196      0x233 /opt/summon-arm/lib/gcc/arm-none-eabi/4.6.2/../../../../arm-none-eabi/lib/thumb/cortex-m4/libc.a(lib_a-mallocr.o)
 .debug_abbrev  0x00000000000003c9       0x99 /opt/summon-arm/lib/gcc/arm-none-eabi/4.6.2/../../../../arm-none-eabi/lib/thumb/cortex-m4/libc.a(lib_a-memcpy.o)
 .debug_abbrev  0x0000000000000462      0x1b0 /opt/summon-arm/lib/gcc/arm-none-eabi/4.6.2/../../../../arm-none-eabi/lib/thumb/cortex-m4/libc.a(lib_a-sbrkr.o)
 .debug_abbrev  0x0000000000000612       0x6d /opt/summon-arm/lib/gcc/arm-none-eabi/4.6.2/../../../../arm-none-eabi/lib/thumb/cortex-m4/libc.a(lib_a-strlen.o)
 .debug_abbrev  0x000000000000067f      0x1ea /opt/summon-arm/lib/gcc/arm-none-eabi/4.6.2/../../../../arm-none-eabi/lib/thumb/cortex-m4/libc.a(lib_a-freer.o)
 .debug_abbrev  0x0000000000000869      0x166 /opt/summon-arm/lib/gcc/arm-none-eabi/4.6.2/../../../../arm-none-eabi/lib/thumb/cortex-m4/libc.a(lib_a-impure.o)
 .debug_abbrev  0x00000000000009cf      0x1e6 /opt/summon-arm/lib/gcc/arm-none-eabi/4.6.2/../../../../arm-none-eabi/lib/thumb/cortex-m4/libc.a(lib_a-reent.o)

.debug_loc      0x0000000000000000     0x119d
 .debug_loc     0x0000000000000000       0x3c /opt/summon-arm/lib/gcc/arm-none-eabi/4.6.2/../../../../arm-none-eabi/lib/thumb/cortex-m4/libc.a(lib_a-malloc.o)
 .debug_loc     0x000000000000003c      0x909 /opt/summon-arm/lib/gcc/arm-none-eabi/4.6.2/../../../../arm-none-eabi/lib/thumb/cortex-m4/libc.a(lib_a-mallocr.o)
 .debug_loc     0x0000000000000945      0x1cc /opt/summon-arm/lib/gcc/arm-none-eabi/4.6.2/../../../../arm-none-eabi/lib/thumb/cortex-m4/libc.a(lib_a-memcpy.o)
 .debug_loc     0x0000000000000b11       0x51 /opt/summon-arm/lib/gcc/arm-none-eabi/4.6.2/../../../../arm-none-eabi/lib/thumb/cortex-m4/libc.a(lib_a-sbrkr.o)
 .debug_loc     0x0000000000000b62       0x13 /opt/summon-arm/lib/gcc/arm-none-eabi/4.6.2/../../../../arm-none-eabi/lib/thumb/cortex-m4/libc.a(lib_a-strlen.o)
 .debug_loc     0x0000000000000b75      0x42a /opt/summon-arm/lib/gcc/arm-none-eabi/4.6.2/../../../../arm-none-eabi/lib/thumb/cortex-m4/libc.a(lib_a-freer.o)
 .debug_loc     0x0000000000000f9f      0x1fe /opt/summon-arm/lib/gcc/arm-none-eabi/4.6.2/../../../../arm-none-eabi/lib/thumb/cortex-m4/libc.a(lib_a-reent.o)

.debug_aranges  0x0000000000000000       0xe0
 .debug_aranges
                0x0000000000000000       0x20 /opt/summon-arm/lib/gcc/arm-none-eabi/4.6.2/../../../../arm-none-eabi/lib/thumb/cortex-m4/libc.a(lib_a-malloc.o)
 .debug_aranges
                0x0000000000000020       0x20 /opt/summon-arm/lib/gcc/arm-none-eabi/4.6.2/../../../../arm-none-eabi/lib/thumb/cortex-m4/libc.a(lib_a-mallocr.o)
 .debug_aranges
                0x0000000000000040       0x20 /opt/summon-arm/lib/gcc/arm-none-eabi/4.6.2/../../../../arm-none-eabi/lib/thumb/cortex-m4/libc.a(lib_a-memcpy.o)
 .debug_aranges
                0x0000000000000060       0x20 /opt/summon-arm/lib/gcc/arm-none-eabi/4.6.2/../../../../arm-none-eabi/lib/thumb/cortex-m4/libc.a(lib_a-sbrkr.o)
 .debug_aranges
                0x0000000000000080       0x20 /opt/summon-arm/lib/gcc/arm-none-eabi/4.6.2/../../../../arm-none-eabi/lib/thumb/cortex-m4/libc.a(lib_a-strlen.o)
 .debug_aranges
                0x00000000000000a0       0x20 /opt/summon-arm/lib/gcc/arm-none-eabi/4.6.2/../../../../arm-none-eabi/lib/thumb/cortex-m4/libc.a(lib_a-freer.o)
 .debug_aranges
                0x00000000000000c0       0x20 /opt/summon-arm/lib/gcc/arm-none-eabi/4.6.2/../../../../arm-none-eabi/lib/thumb/cortex-m4/libc.a(lib_a-reent.o)

.debug_line     0x0000000000000000      0xdc6
 .debug_line    0x0000000000000000      0x1a5 /opt/summon-arm/lib/gcc/arm-none-eabi/4.6.2/../../../../arm-none-eabi/lib/thumb/cortex-m4/libc.a(lib_a-malloc.o)
 .debug_line    0x00000000000001a5      0x300 /opt/summon-arm/lib/gcc/arm-none-eabi/4.6.2/../../../../arm-none-eabi/lib/thumb/cortex-m4/libc.a(lib_a-mallocr.o)
 .debug_line    0x00000000000004a5      0x19c /opt/summon-arm/lib/gcc/arm-none-eabi/4.6.2/../../../../arm-none-eabi/lib/thumb/cortex-m4/libc.a(lib_a-memcpy.o)
 .debug_line    0x0000000000000641      0x1a3 /opt/summon-arm/lib/gcc/arm-none-eabi/4.6.2/../../../../arm-none-eabi/lib/thumb/cortex-m4/libc.a(lib_a-sbrkr.o)
 .debug_line    0x00000000000007e4      0x12a /opt/summon-arm/lib/gcc/arm-none-eabi/4.6.2/../../../../arm-none-eabi/lib/thumb/cortex-m4/libc.a(lib_a-strlen.o)
 .debug_line    0x000000000000090e      0x211 /opt/summon-arm/lib/gcc/arm-none-eabi/4.6.2/../../../../arm-none-eabi/lib/thumb/cortex-m4/libc.a(lib_a-freer.o)
 .debug_line    0x0000000000000b1f      0x129 /opt/summon-arm/lib/gcc/arm-none-eabi/4.6.2/../../../../arm-none-eabi/lib/thumb/cortex-m4/libc.a(lib_a-impure.o)
 .debug_line    0x0000000000000c48      0x17e /opt/summon-arm/lib/gcc/arm-none-eabi/4.6.2/../../../../arm-none-eabi/lib/thumb/cortex-m4/libc.a(lib_a-reent.o)

.debug_str      0x0000000000000000      0xa40
 .debug_str     0x0000000000000000      0x4b5 /opt/summon-arm/lib/gcc/arm-none-eabi/4.6.2/../../../../arm-none-eabi/lib/thumb/cortex-m4/libc.a(lib_a-malloc.o)
                                        0x52d (size before relaxing)
 .debug_str     0x00000000000004b5      0x215 /opt/summon-arm/lib/gcc/arm-none-eabi/4.6.2/../../../../arm-none-eabi/lib/thumb/cortex-m4/libc.a(lib_a-mallocr.o)
                                        0x702 (size before relaxing)
 .debug_str     0x00000000000006ca       0xd6 /opt/summon-arm/lib/gcc/arm-none-eabi/4.6.2/../../../../arm-none-eabi/lib/thumb/cortex-m4/libc.a(lib_a-memcpy.o)
                                        0x188 (size before relaxing)
 .debug_str     0x00000000000007a0       0xc2 /opt/summon-arm/lib/gcc/arm-none-eabi/4.6.2/../../../../arm-none-eabi/lib/thumb/cortex-m4/libc.a(lib_a-sbrkr.o)
                                        0x522 (size before relaxing)
 .debug_str     0x0000000000000862       0xbc /opt/summon-arm/lib/gcc/arm-none-eabi/4.6.2/../../../../arm-none-eabi/lib/thumb/cortex-m4/libc.a(lib_a-strlen.o)
                                        0x16e (size before relaxing)
 .debug_str     0x000000000000091e       0x3c /opt/summon-arm/lib/gcc/arm-none-eabi/4.6.2/../../../../arm-none-eabi/lib/thumb/cortex-m4/libc.a(lib_a-freer.o)
                                        0x654 (size before relaxing)
 .debug_str     0x000000000000095a       0x66 /opt/summon-arm/lib/gcc/arm-none-eabi/4.6.2/../../../../arm-none-eabi/lib/thumb/cortex-m4/libc.a(lib_a-impure.o)
                                        0x52b (size before relaxing)
 .debug_str     0x00000000000009c0       0x80 /opt/summon-arm/lib/gcc/arm-none-eabi/4.6.2/../../../../arm-none-eabi/lib/thumb/cortex-m4/libc.a(lib_a-reent.o)
                                        0x550 (size before relaxing)

.debug_frame    0x0000000000000000      0x198
 .debug_frame   0x0000000000000000       0x30 /opt/summon-arm/lib/gcc/arm-none-eabi/4.6.2/../../../../arm-none-eabi/lib/thumb/cortex-m4/libc.a(lib_a-malloc.o)
 .debug_frame   0x0000000000000030       0x38 /opt/summon-arm/lib/gcc/arm-none-eabi/4.6.2/../../../../arm-none-eabi/lib/thumb/cortex-m4/libc.a(lib_a-mallocr.o)
 .debug_frame   0x0000000000000068       0x2c /opt/summon-arm/lib/gcc/arm-none-eabi/4.6.2/../../../../arm-none-eabi/lib/thumb/cortex-m4/libc.a(lib_a-memcpy.o)
 .debug_frame   0x0000000000000094       0x2c /opt/summon-arm/lib/gcc/arm-none-eabi/4.6.2/../../../../arm-none-eabi/lib/thumb/cortex-m4/libc.a(lib_a-sbrkr.o)
 .debug_frame   0x00000000000000c0       0x20 /opt/summon-arm/lib/gcc/arm-none-eabi/4.6.2/../../../../arm-none-eabi/lib/thumb/cortex-m4/libc.a(lib_a-strlen.o)
 .debug_frame   0x00000000000000e0       0x50 /opt/summon-arm/lib/gcc/arm-none-eabi/4.6.2/../../../../arm-none-eabi/lib/thumb/cortex-m4/libc.a(lib_a-freer.o)
 .debug_frame   0x0000000000000130       0x68 /opt/summon-arm/lib/gcc/arm-none-eabi/4.6.2/../../../../arm-none-eabi/lib/thumb/cortex-m4/libc.a(lib_a-reent.o)

.debug_ranges   0x0000000000000000       0x40
 .debug_ranges  0x0000000000000000       0x40 /opt/summon-arm/lib/gcc/arm-none-eabi/4.6.2/../../../../arm-none-eabi/lib/thumb/cortex-m4/libc.a(lib_a-mallocr.o)
