   1              		.syntax unified
   2              		.cpu cortex-m4
   3              		.fpu softvfp
   4              		.eabi_attribute 20, 1
   5              		.eabi_attribute 21, 1
   6              		.eabi_attribute 23, 3
   7              		.eabi_attribute 24, 1
   8              		.eabi_attribute 25, 1
   9              		.eabi_attribute 26, 1
  10              		.eabi_attribute 30, 2
  11              		.eabi_attribute 18, 4
  12              		.thumb
  13              		.file	"master_io.c"
  14              		.text
  15              		.align	2
  16              		.global	GPIO_Master_init
  17              		.thumb
  18              		.thumb_func
  20              	GPIO_Master_init:
  21              		@ args = 0, pretend = 0, frame = 8
  22              		@ frame_needed = 0, uses_anonymous_args = 0
  23 0000 00B5     		push	{lr}
  24 0002 0120     		movs	r0, #1
  25 0004 83B0     		sub	sp, sp, #12
  26 0006 0146     		mov	r1, r0
  27 0008 FFF7FEFF 		bl	RCC_AHB1PeriphClockCmd
  28 000c 4FF40042 		mov	r2, #32768
  29 0010 0020     		movs	r0, #0
  30 0012 0092     		str	r2, [sp, #0]
  31 0014 0122     		movs	r2, #1
  32 0016 0346     		mov	r3, r0
  33 0018 8DF80420 		strb	r2, [sp, #4]
  34 001c C4F20200 		movt	r0, 16386
  35 0020 0322     		movs	r2, #3
  36 0022 6946     		mov	r1, sp
  37 0024 8DF80520 		strb	r2, [sp, #5]
  38 0028 8DF80630 		strb	r3, [sp, #6]
  39 002c 8DF80730 		strb	r3, [sp, #7]
  40 0030 FFF7FEFF 		bl	GPIO_Init
  41 0034 03B0     		add	sp, sp, #12
  42 0036 00BD     		pop	{pc}
  44              		.align	2
  45              		.global	GPIO_Master_SignalizeStart
  46              		.thumb
  47              		.thumb_func
  49              	GPIO_Master_SignalizeStart:
  50              		@ args = 0, pretend = 0, frame = 0
  51              		@ frame_needed = 0, uses_anonymous_args = 0
  52              		@ link register save eliminated.
  53 0038 0023     		movs	r3, #0
  54 003a C4F20203 		movt	r3, 16386
  55 003e 1A8B     		ldrh	r2, [r3, #24]
  56 0040 6FEA4242 		mvn	r2, r2, lsl #17
  57 0044 6FEA5242 		mvn	r2, r2, lsr #17
  58 0048 92B2     		uxth	r2, r2
  59 004a 1A83     		strh	r2, [r3, #24]	@ movhi
  60 004c 7047     		bx	lr
  62 004e 00BF     		.align	2
  63              		.global	GPIO_Master_SignalizeReset
  64              		.thumb
  65              		.thumb_func
  67              	GPIO_Master_SignalizeReset:
  68              		@ args = 0, pretend = 0, frame = 0
  69              		@ frame_needed = 0, uses_anonymous_args = 0
  70              		@ link register save eliminated.
  71 0050 0023     		movs	r3, #0
  72 0052 C4F20203 		movt	r3, 16386
  73 0056 5A8B     		ldrh	r2, [r3, #26]
  74 0058 6FEA4242 		mvn	r2, r2, lsl #17
  75 005c 6FEA5242 		mvn	r2, r2, lsr #17
  76 0060 92B2     		uxth	r2, r2
  77 0062 5A83     		strh	r2, [r3, #26]	@ movhi
  78 0064 7047     		bx	lr
  80 0066 00BF     		.ident	"GCC: (Linaro GCC 4.6-2011.10) 4.6.2 20111004 (prerelease)"
DEFINED SYMBOLS
                            *ABS*:0000000000000000 master_io.c
     /tmp/ccJHgkuF.s:15     .text:0000000000000000 $t
     /tmp/ccJHgkuF.s:20     .text:0000000000000000 GPIO_Master_init
     /tmp/ccJHgkuF.s:49     .text:0000000000000038 GPIO_Master_SignalizeStart
     /tmp/ccJHgkuF.s:67     .text:0000000000000050 GPIO_Master_SignalizeReset

UNDEFINED SYMBOLS
RCC_AHB1PeriphClockCmd
GPIO_Init
