   1              		.syntax unified
   2              		.cpu cortex-m4
   3              		.fpu softvfp
   4              		.eabi_attribute 20, 1
   5              		.eabi_attribute 21, 1
   6              		.eabi_attribute 23, 3
   7              		.eabi_attribute 24, 1
   8              		.eabi_attribute 25, 1
   9              		.eabi_attribute 26, 1
  10              		.eabi_attribute 30, 2
  11              		.eabi_attribute 18, 4
  12              		.thumb
  13              		.file	"can_helper.c"
  14              		.text
  15              		.align	2
  16              		.global	Init_RxMes
  17              		.thumb
  18              		.thumb_func
  20              	Init_RxMes:
  21              		@ args = 0, pretend = 0, frame = 0
  22              		@ frame_needed = 0, uses_anonymous_args = 0
  23              		@ link register save eliminated.
  24 0000 0023     		movs	r3, #0
  25 0002 0360     		str	r3, [r0, #0]
  26 0004 4360     		str	r3, [r0, #4]
  27 0006 0372     		strb	r3, [r0, #8]
  28 0008 8372     		strb	r3, [r0, #10]
  29 000a C374     		strb	r3, [r0, #19]
  30 000c C372     		strb	r3, [r0, #11]
  31 000e C360     		str	r3, [r0, #12]
  32 0010 0374     		strb	r3, [r0, #16]
  33 0012 4374     		strb	r3, [r0, #17]
  34 0014 8374     		strb	r3, [r0, #18]
  35 0016 7047     		bx	lr
  37              		.align	2
  38              		.global	Init_TxMes
  39              		.thumb
  40              		.thumb_func
  42              	Init_TxMes:
  43              		@ args = 0, pretend = 0, frame = 0
  44              		@ frame_needed = 0, uses_anonymous_args = 0
  45              		@ link register save eliminated.
  46 0018 0023     		movs	r3, #0
  47 001a 0360     		str	r3, [r0, #0]
  48 001c 4360     		str	r3, [r0, #4]
  49 001e 0372     		strb	r3, [r0, #8]
  50 0020 8372     		strb	r3, [r0, #10]
  51 0022 C372     		strb	r3, [r0, #11]
  52 0024 C360     		str	r3, [r0, #12]
  53 0026 0374     		strb	r3, [r0, #16]
  54 0028 4374     		strb	r3, [r0, #17]
  55 002a 8374     		strb	r3, [r0, #18]
  56 002c 7047     		bx	lr
  58 002e 00BF     		.ident	"GCC: (Linaro GCC 4.6-2011.10) 4.6.2 20111004 (prerelease)"
DEFINED SYMBOLS
                            *ABS*:0000000000000000 can_helper.c
     /tmp/ccStuDbW.s:15     .text:0000000000000000 $t
     /tmp/ccStuDbW.s:20     .text:0000000000000000 Init_RxMes
     /tmp/ccStuDbW.s:42     .text:0000000000000018 Init_TxMes

NO UNDEFINED SYMBOLS
