   1              		.syntax unified
   2              		.cpu cortex-m4
   3              		.fpu softvfp
   4              		.eabi_attribute 20, 1
   5              		.eabi_attribute 21, 1
   6              		.eabi_attribute 23, 3
   7              		.eabi_attribute 24, 1
   8              		.eabi_attribute 25, 1
   9              		.eabi_attribute 26, 1
  10              		.eabi_attribute 30, 2
  11              		.eabi_attribute 18, 4
  12              		.thumb
  13              		.file	"stm32f4xx_hash_md5.c"
  14              		.text
  15              		.align	2
  16              		.global	HASH_MD5
  17              		.thumb
  18              		.thumb_func
  20              	HASH_MD5:
  21              		@ args = 0, pretend = 0, frame = 48
  22              		@ frame_needed = 0, uses_anonymous_args = 0
  23 0000 F0B5     		push	{r4, r5, r6, r7, lr}
  24 0002 01F00303 		and	r3, r1, #3
  25 0006 8DB0     		sub	sp, sp, #52
  26 0008 0026     		movs	r6, #0
  27 000a DB00     		lsls	r3, r3, #3
  28 000c 0C46     		mov	r4, r1
  29 000e ADF82E60 		strh	r6, [sp, #46]	@ movhi
  30 0012 0546     		mov	r5, r0
  31 0014 1746     		mov	r7, r2
  32 0016 0A96     		str	r6, [sp, #40]
  33 0018 ADF82E30 		strh	r3, [sp, #46]	@ movhi
  34 001c FFF7FEFF 		bl	HASH_DeInit
  35 0020 8023     		movs	r3, #128
  36 0022 06A8     		add	r0, sp, #24
  37 0024 0693     		str	r3, [sp, #24]
  38 0026 2023     		movs	r3, #32
  39 0028 0796     		str	r6, [sp, #28]
  40 002a 0893     		str	r3, [sp, #32]
  41 002c FFF7FEFF 		bl	HASH_Init
  42 0030 BDF82E00 		ldrh	r0, [sp, #46]
  43 0034 80B2     		uxth	r0, r0
  44 0036 FFF7FEFF 		bl	HASH_SetLastWordValidBitsNbr
  45 003a 2CB1     		cbz	r4, .L2
  46              	.L3:
  47 003c A859     		ldr	r0, [r5, r6]
  48 003e 0436     		adds	r6, r6, #4
  49 0040 FFF7FEFF 		bl	HASH_DataIn
  50 0044 B442     		cmp	r4, r6
  51 0046 F9D8     		bhi	.L3
  52              	.L2:
  53 0048 FFF7FEFF 		bl	HASH_StartDigest
  54 004c 00E0     		b	.L5
  55              	.L12:
  56 004e 68B1     		cbz	r0, .L6
  57              	.L5:
  58 0050 0820     		movs	r0, #8
  59 0052 FFF7FEFF 		bl	HASH_GetFlagStatus
  60 0056 0A9B     		ldr	r3, [sp, #40]
  61 0058 0133     		adds	r3, r3, #1
  62 005a 0A93     		str	r3, [sp, #40]
  63 005c 0A9B     		ldr	r3, [sp, #40]
  64 005e B3F5803F 		cmp	r3, #65536
  65 0062 F4D1     		bne	.L12
  66 0064 10B1     		cbz	r0, .L6
  67 0066 0020     		movs	r0, #0
  68              	.L7:
  69 0068 0DB0     		add	sp, sp, #52
  70 006a F0BD     		pop	{r4, r5, r6, r7, pc}
  71              	.L6:
  72 006c 01A8     		add	r0, sp, #4
  73 006e FFF7FEFF 		bl	HASH_GetDigest
  74 0072 019B     		ldr	r3, [sp, #4]
  75              	@ 352 "//home/pyro/workspace/workspace_STM32/CAN/lib/CMSIS/Include/core_cmInstr.h" 1
  76 0074 1BBA     		rev r3, r3
  77              	@ 0 "" 2
  78              		.thumb
  79 0076 3B60     		str	r3, [r7, #0]
  80 0078 029B     		ldr	r3, [sp, #8]
  81              	@ 352 "//home/pyro/workspace/workspace_STM32/CAN/lib/CMSIS/Include/core_cmInstr.h" 1
  82 007a 1BBA     		rev r3, r3
  83              	@ 0 "" 2
  84              		.thumb
  85 007c 7B60     		str	r3, [r7, #4]
  86 007e 039B     		ldr	r3, [sp, #12]
  87              	@ 352 "//home/pyro/workspace/workspace_STM32/CAN/lib/CMSIS/Include/core_cmInstr.h" 1
  88 0080 1BBA     		rev r3, r3
  89              	@ 0 "" 2
  90              		.thumb
  91 0082 BB60     		str	r3, [r7, #8]
  92 0084 049B     		ldr	r3, [sp, #16]
  93              	@ 352 "//home/pyro/workspace/workspace_STM32/CAN/lib/CMSIS/Include/core_cmInstr.h" 1
  94 0086 1BBA     		rev r3, r3
  95              	@ 0 "" 2
  96              		.thumb
  97 0088 0120     		movs	r0, #1
  98 008a FB60     		str	r3, [r7, #12]
  99 008c ECE7     		b	.L7
 101 008e 00BF     		.align	2
 102              		.global	HMAC_MD5
 103              		.thumb
 104              		.thumb_func
 106              	HMAC_MD5:
 107              		@ args = 4, pretend = 0, frame = 48
 108              		@ frame_needed = 0, uses_anonymous_args = 0
 109 0090 2DE9F043 		push	{r4, r5, r6, r7, r8, r9, lr}
 110 0094 0C46     		mov	r4, r1
 111 0096 8DB0     		sub	sp, sp, #52
 112 0098 03F00301 		and	r1, r3, #3
 113 009c 1E46     		mov	r6, r3
 114 009e 04F00303 		and	r3, r4, #3
 115 00a2 0027     		movs	r7, #0
 116 00a4 DB00     		lsls	r3, r3, #3
 117 00a6 C900     		lsls	r1, r1, #3
 118 00a8 ADF82C70 		strh	r7, [sp, #44]	@ movhi
 119 00ac 0546     		mov	r5, r0
 120 00ae ADF82E70 		strh	r7, [sp, #46]	@ movhi
 121 00b2 9046     		mov	r8, r2
 122 00b4 0A97     		str	r7, [sp, #40]
 123 00b6 DDF85090 		ldr	r9, [sp, #80]
 124 00ba ADF82C10 		strh	r1, [sp, #44]	@ movhi
 125 00be ADF82E30 		strh	r3, [sp, #46]	@ movhi
 126 00c2 FFF7FEFF 		bl	HASH_DeInit
 127 00c6 8023     		movs	r3, #128
 128 00c8 0693     		str	r3, [sp, #24]
 129 00ca 4023     		movs	r3, #64
 130 00cc 0793     		str	r3, [sp, #28]
 131 00ce 2023     		movs	r3, #32
 132 00d0 402C     		cmp	r4, #64
 133 00d2 0893     		str	r3, [sp, #32]
 134 00d4 06A8     		add	r0, sp, #24
 135 00d6 22D8     		bhi	.L14
 136 00d8 0997     		str	r7, [sp, #36]
 137 00da FFF7FEFF 		bl	HASH_Init
 138 00de BDF82E00 		ldrh	r0, [sp, #46]
 139 00e2 80B2     		uxth	r0, r0
 140 00e4 FFF7FEFF 		bl	HASH_SetLastWordValidBitsNbr
 141 00e8 34B1     		cbz	r4, .L15
 142              	.L31:
 143 00ea 0027     		movs	r7, #0
 144              	.L16:
 145 00ec E859     		ldr	r0, [r5, r7]
 146 00ee 0437     		adds	r7, r7, #4
 147 00f0 FFF7FEFF 		bl	HASH_DataIn
 148 00f4 BC42     		cmp	r4, r7
 149 00f6 F9D8     		bhi	.L16
 150              	.L15:
 151 00f8 FFF7FEFF 		bl	HASH_StartDigest
 152 00fc 00E0     		b	.L18
 153              	.L41:
 154 00fe C8B1     		cbz	r0, .L19
 155              	.L18:
 156 0100 0820     		movs	r0, #8
 157 0102 FFF7FEFF 		bl	HASH_GetFlagStatus
 158 0106 0A9B     		ldr	r3, [sp, #40]
 159 0108 0133     		adds	r3, r3, #1
 160 010a 0A93     		str	r3, [sp, #40]
 161 010c 0A9B     		ldr	r3, [sp, #40]
 162 010e B3F5803F 		cmp	r3, #65536
 163 0112 F4D1     		bne	.L41
 164 0114 70B1     		cbz	r0, .L19
 165              	.L34:
 166 0116 0020     		movs	r0, #0
 167              	.L20:
 168 0118 0DB0     		add	sp, sp, #52
 169 011a BDE8F083 		pop	{r4, r5, r6, r7, r8, r9, pc}
 170              	.L14:
 171 011e 4FF48033 		mov	r3, #65536
 172 0122 0993     		str	r3, [sp, #36]
 173 0124 FFF7FEFF 		bl	HASH_Init
 174 0128 BDF82E00 		ldrh	r0, [sp, #46]
 175 012c 80B2     		uxth	r0, r0
 176 012e FFF7FEFF 		bl	HASH_SetLastWordValidBitsNbr
 177 0132 DAE7     		b	.L31
 178              	.L19:
 179 0134 BDF82C00 		ldrh	r0, [sp, #44]
 180 0138 80B2     		uxth	r0, r0
 181 013a FFF7FEFF 		bl	HASH_SetLastWordValidBitsNbr
 182 013e 3EB1     		cbz	r6, .L21
 183 0140 0027     		movs	r7, #0
 184              	.L22:
 185 0142 58F80700 		ldr	r0, [r8, r7]
 186 0146 0437     		adds	r7, r7, #4
 187 0148 FFF7FEFF 		bl	HASH_DataIn
 188 014c BE42     		cmp	r6, r7
 189 014e F8D8     		bhi	.L22
 190              	.L21:
 191 0150 FFF7FEFF 		bl	HASH_StartDigest
 192 0154 0023     		movs	r3, #0
 193 0156 0A93     		str	r3, [sp, #40]
 194 0158 00E0     		b	.L24
 195              	.L42:
 196 015a 58B1     		cbz	r0, .L25
 197              	.L24:
 198 015c 0820     		movs	r0, #8
 199 015e FFF7FEFF 		bl	HASH_GetFlagStatus
 200 0162 0A9B     		ldr	r3, [sp, #40]
 201 0164 0133     		adds	r3, r3, #1
 202 0166 0A93     		str	r3, [sp, #40]
 203 0168 0A9B     		ldr	r3, [sp, #40]
 204 016a B3F5803F 		cmp	r3, #65536
 205 016e F4D1     		bne	.L42
 206 0170 0028     		cmp	r0, #0
 207 0172 D0D1     		bne	.L34
 208              	.L25:
 209 0174 BDF82E00 		ldrh	r0, [sp, #46]
 210 0178 80B2     		uxth	r0, r0
 211 017a FFF7FEFF 		bl	HASH_SetLastWordValidBitsNbr
 212 017e 34B1     		cbz	r4, .L26
 213 0180 0026     		movs	r6, #0
 214              	.L27:
 215 0182 A859     		ldr	r0, [r5, r6]
 216 0184 0436     		adds	r6, r6, #4
 217 0186 FFF7FEFF 		bl	HASH_DataIn
 218 018a B442     		cmp	r4, r6
 219 018c F9D8     		bhi	.L27
 220              	.L26:
 221 018e FFF7FEFF 		bl	HASH_StartDigest
 222 0192 0023     		movs	r3, #0
 223 0194 0A93     		str	r3, [sp, #40]
 224 0196 00E0     		b	.L29
 225              	.L43:
 226 0198 58B1     		cbz	r0, .L30
 227              	.L29:
 228 019a 0820     		movs	r0, #8
 229 019c FFF7FEFF 		bl	HASH_GetFlagStatus
 230 01a0 0A9B     		ldr	r3, [sp, #40]
 231 01a2 0133     		adds	r3, r3, #1
 232 01a4 0A93     		str	r3, [sp, #40]
 233 01a6 0A9B     		ldr	r3, [sp, #40]
 234 01a8 B3F5803F 		cmp	r3, #65536
 235 01ac F4D1     		bne	.L43
 236 01ae 0028     		cmp	r0, #0
 237 01b0 B1D1     		bne	.L34
 238              	.L30:
 239 01b2 01A8     		add	r0, sp, #4
 240 01b4 FFF7FEFF 		bl	HASH_GetDigest
 241 01b8 019B     		ldr	r3, [sp, #4]
 242              	@ 352 "//home/pyro/workspace/workspace_STM32/CAN/lib/CMSIS/Include/core_cmInstr.h" 1
 243 01ba 1BBA     		rev r3, r3
 244              	@ 0 "" 2
 245              		.thumb
 246 01bc C9F80030 		str	r3, [r9, #0]
 247 01c0 029B     		ldr	r3, [sp, #8]
 248              	@ 352 "//home/pyro/workspace/workspace_STM32/CAN/lib/CMSIS/Include/core_cmInstr.h" 1
 249 01c2 1BBA     		rev r3, r3
 250              	@ 0 "" 2
 251              		.thumb
 252 01c4 C9F80430 		str	r3, [r9, #4]
 253 01c8 039B     		ldr	r3, [sp, #12]
 254              	@ 352 "//home/pyro/workspace/workspace_STM32/CAN/lib/CMSIS/Include/core_cmInstr.h" 1
 255 01ca 1BBA     		rev r3, r3
 256              	@ 0 "" 2
 257              		.thumb
 258 01cc C9F80830 		str	r3, [r9, #8]
 259 01d0 049B     		ldr	r3, [sp, #16]
 260              	@ 352 "//home/pyro/workspace/workspace_STM32/CAN/lib/CMSIS/Include/core_cmInstr.h" 1
 261 01d2 1BBA     		rev r3, r3
 262              	@ 0 "" 2
 263              		.thumb
 264 01d4 0120     		movs	r0, #1
 265 01d6 C9F80C30 		str	r3, [r9, #12]
 266 01da 9DE7     		b	.L20
 268              		.ident	"GCC: (Linaro GCC 4.6-2011.10) 4.6.2 20111004 (prerelease)"
DEFINED SYMBOLS
                            *ABS*:0000000000000000 stm32f4xx_hash_md5.c
     /tmp/ccFNWlnB.s:15     .text:0000000000000000 $t
     /tmp/ccFNWlnB.s:20     .text:0000000000000000 HASH_MD5
     /tmp/ccFNWlnB.s:106    .text:0000000000000090 HMAC_MD5

UNDEFINED SYMBOLS
HASH_DeInit
HASH_Init
HASH_SetLastWordValidBitsNbr
HASH_DataIn
HASH_StartDigest
HASH_GetFlagStatus
HASH_GetDigest
